  Determining projects to restore...
  All projects are up-to-date for restore.
  CommUnityApp.Domain -> d:\work\CommUnityApp (2)\CommUnityApp\CommUnityApp\Domain\bin\Debug\net8.0\CommUnityApp.Domain.dll
d:\work\CommUnityApp (2)\CommUnityApp\CommUnityApp\Application\Models\BusinessModels.cs(5,23): warning CS8618: Non-nullable property 'Email' must contain a non-null value when exiting constructor. Consider adding the 'required' modifier or declaring the property as nullable. [d:\work\CommUnityApp (2)\CommUnityApp\CommUnityApp\Application\CommUnityApp.Application.csproj]
d:\work\CommUnityApp (2)\CommUnityApp\CommUnityApp\Application\Models\BusinessModels.cs(6,23): warning CS8618: Non-nullable property 'Password' must contain a non-null value when exiting constructor. Consider adding the 'required' modifier or declaring the property as nullable. [d:\work\CommUnityApp (2)\CommUnityApp\CommUnityApp\Application\CommUnityApp.Application.csproj]
d:\work\CommUnityApp (2)\CommUnityApp\CommUnityApp\Application\Models\CommunityModels.cs(15,23): warning CS8618: Non-nullable property 'UserName' must contain a non-null value when exiting constructor. Consider adding the 'required' modifier or declaring the property as nullable. [d:\work\CommUnityApp (2)\CommUnityApp\CommUnityApp\Application\CommUnityApp.Application.csproj]
d:\work\CommUnityApp (2)\CommUnityApp\CommUnityApp\Application\Models\CommunityModels.cs(16,23): warning CS8618: Non-nullable property 'Password' must contain a non-null value when exiting constructor. Consider adding the 'required' modifier or declaring the property as nullable. [d:\work\CommUnityApp (2)\CommUnityApp\CommUnityApp\Application\CommUnityApp.Application.csproj]
d:\work\CommUnityApp (2)\CommUnityApp\CommUnityApp\Application\Models\CommunityModels.cs(22,23): warning CS8618: Non-nullable property 'GroupName' must contain a non-null value when exiting constructor. Consider adding the 'required' modifier or declaring the property as nullable. [d:\work\CommUnityApp (2)\CommUnityApp\CommUnityApp\Application\CommUnityApp.Application.csproj]
d:\work\CommUnityApp (2)\CommUnityApp\CommUnityApp\Application\Models\EventModels.cs(32,23): warning CS8618: Non-nullable property 'ResultMessage' must contain a non-null value when exiting constructor. Consider adding the 'required' modifier or declaring the property as nullable. [d:\work\CommUnityApp (2)\CommUnityApp\CommUnityApp\Application\CommUnityApp.Application.csproj]
d:\work\CommUnityApp (2)\CommUnityApp\CommUnityApp\Application\Models\BusinessModels.cs(12,23): warning CS8618: Non-nullable property 'BusinessName' must contain a non-null value when exiting constructor. Consider adding the 'required' modifier or declaring the property as nullable. [d:\work\CommUnityApp (2)\CommUnityApp\CommUnityApp\Application\CommUnityApp.Application.csproj]
d:\work\CommUnityApp (2)\CommUnityApp\CommUnityApp\Application\Models\BusinessModels.cs(13,23): warning CS8618: Non-nullable property 'Logo' must contain a non-null value when exiting constructor. Consider adding the 'required' modifier or declaring the property as nullable. [d:\work\CommUnityApp (2)\CommUnityApp\CommUnityApp\Application\CommUnityApp.Application.csproj]
d:\work\CommUnityApp (2)\CommUnityApp\CommUnityApp\Application\Models\BusinessModels.cs(14,23): warning CS8618: Non-nullable property 'Email' must contain a non-null value when exiting constructor. Consider adding the 'required' modifier or declaring the property as nullable. [d:\work\CommUnityApp (2)\CommUnityApp\CommUnityApp\Application\CommUnityApp.Application.csproj]
d:\work\CommUnityApp (2)\CommUnityApp\CommUnityApp\Application\Models\BusinessModels.cs(15,23): warning CS8618: Non-nullable property 'ResultMessage' must contain a non-null value when exiting constructor. Consider adding the 'required' modifier or declaring the property as nullable. [d:\work\CommUnityApp (2)\CommUnityApp\CommUnityApp\Application\CommUnityApp.Application.csproj]
d:\work\CommUnityApp (2)\CommUnityApp\CommUnityApp\Application\Models\EventModels.cs(39,23): warning CS8618: Non-nullable property 'GroupIds' must contain a non-null value when exiting constructor. Consider adding the 'required' modifier or declaring the property as nullable. [d:\work\CommUnityApp (2)\CommUnityApp\CommUnityApp\Application\CommUnityApp.Application.csproj]
d:\work\CommUnityApp (2)\CommUnityApp\CommUnityApp\Application\Models\EventModels.cs(46,23): warning CS8618: Non-nullable property 'EventName' must contain a non-null value when exiting constructor. Consider adding the 'required' modifier or declaring the property as nullable. [d:\work\CommUnityApp (2)\CommUnityApp\CommUnityApp\Application\CommUnityApp.Application.csproj]
d:\work\CommUnityApp (2)\CommUnityApp\CommUnityApp\Application\Models\EventModels.cs(47,23): warning CS8618: Non-nullable property 'CategoryName' must contain a non-null value when exiting constructor. Consider adding the 'required' modifier or declaring the property as nullable. [d:\work\CommUnityApp (2)\CommUnityApp\CommUnityApp\Application\CommUnityApp.Application.csproj]
d:\work\CommUnityApp (2)\CommUnityApp\CommUnityApp\Application\Models\EventModels.cs(50,23): warning CS8618: Non-nullable property 'Location' must contain a non-null value when exiting constructor. Consider adding the 'required' modifier or declaring the property as nullable. [d:\work\CommUnityApp (2)\CommUnityApp\CommUnityApp\Application\CommUnityApp.Application.csproj]
d:\work\CommUnityApp (2)\CommUnityApp\CommUnityApp\Application\Models\EventModels.cs(51,23): warning CS8618: Non-nullable property 'EventImage' must contain a non-null value when exiting constructor. Consider adding the 'required' modifier or declaring the property as nullable. [d:\work\CommUnityApp (2)\CommUnityApp\CommUnityApp\Application\CommUnityApp.Application.csproj]
d:\work\CommUnityApp (2)\CommUnityApp\CommUnityApp\Application\Models\EventModels.cs(52,23): warning CS8618: Non-nullable property 'QRCodeImage' must contain a non-null value when exiting constructor. Consider adding the 'required' modifier or declaring the property as nullable. [d:\work\CommUnityApp (2)\CommUnityApp\CommUnityApp\Application\CommUnityApp.Application.csproj]
d:\work\CommUnityApp (2)\CommUnityApp\CommUnityApp\Application\Models\EventModels.cs(60,23): warning CS8618: Non-nullable property 'Name' must contain a non-null value when exiting constructor. Consider adding the 'required' modifier or declaring the property as nullable. [d:\work\CommUnityApp (2)\CommUnityApp\CommUnityApp\Application\CommUnityApp.Application.csproj]
d:\work\CommUnityApp (2)\CommUnityApp\CommUnityApp\Application\Models\EventModels.cs(61,23): warning CS8618: Non-nullable property 'Email' must contain a non-null value when exiting constructor. Consider adding the 'required' modifier or declaring the property as nullable. [d:\work\CommUnityApp (2)\CommUnityApp\CommUnityApp\Application\CommUnityApp.Application.csproj]
d:\work\CommUnityApp (2)\CommUnityApp\CommUnityApp\Application\Models\EventModels.cs(62,23): warning CS8618: Non-nullable property 'Mobile' must contain a non-null value when exiting constructor. Consider adding the 'required' modifier or declaring the property as nullable. [d:\work\CommUnityApp (2)\CommUnityApp\CommUnityApp\Application\CommUnityApp.Application.csproj]
d:\work\CommUnityApp (2)\CommUnityApp\CommUnityApp\Application\Models\BusinessModels.cs(22,23): warning CS8618: Non-nullable property 'BusinessName' must contain a non-null value when exiting constructor. Consider adding the 'required' modifier or declaring the property as nullable. [d:\work\CommUnityApp (2)\CommUnityApp\CommUnityApp\Application\CommUnityApp.Application.csproj]
d:\work\CommUnityApp (2)\CommUnityApp\CommUnityApp\Application\Models\BusinessModels.cs(23,23): warning CS8618: Non-nullable property 'BusinessNumber' must contain a non-null value when exiting constructor. Consider adding the 'required' modifier or declaring the property as nullable. [d:\work\CommUnityApp (2)\CommUnityApp\CommUnityApp\Application\CommUnityApp.Application.csproj]
d:\work\CommUnityApp (2)\CommUnityApp\CommUnityApp\Application\Models\BusinessModels.cs(24,23): warning CS8618: Non-nullable property 'OwnerName' must contain a non-null value when exiting constructor. Consider adding the 'required' modifier or declaring the property as nullable. [d:\work\CommUnityApp (2)\CommUnityApp\CommUnityApp\Application\CommUnityApp.Application.csproj]
d:\work\CommUnityApp (2)\CommUnityApp\CommUnityApp\Application\Models\BusinessModels.cs(25,23): warning CS8618: Non-nullable property 'Email' must contain a non-null value when exiting constructor. Consider adding the 'required' modifier or declaring the property as nullable. [d:\work\CommUnityApp (2)\CommUnityApp\CommUnityApp\Application\CommUnityApp.Application.csproj]
d:\work\CommUnityApp (2)\CommUnityApp\CommUnityApp\Application\Models\BusinessModels.cs(26,23): warning CS8618: Non-nullable property 'Phone' must contain a non-null value when exiting constructor. Consider adding the 'required' modifier or declaring the property as nullable. [d:\work\CommUnityApp (2)\CommUnityApp\CommUnityApp\Application\CommUnityApp.Application.csproj]
d:\work\CommUnityApp (2)\CommUnityApp\CommUnityApp\Application\Models\BusinessModels.cs(27,23): warning CS8618: Non-nullable property 'Address' must contain a non-null value when exiting constructor. Consider adding the 'required' modifier or declaring the property as nullable. [d:\work\CommUnityApp (2)\CommUnityApp\CommUnityApp\Application\CommUnityApp.Application.csproj]
d:\work\CommUnityApp (2)\CommUnityApp\CommUnityApp\Application\Models\BusinessModels.cs(28,23): warning CS8618: Non-nullable property 'City' must contain a non-null value when exiting constructor. Consider adding the 'required' modifier or declaring the property as nullable. [d:\work\CommUnityApp (2)\CommUnityApp\CommUnityApp\Application\CommUnityApp.Application.csproj]
d:\work\CommUnityApp (2)\CommUnityApp\CommUnityApp\Application\Models\BusinessModels.cs(29,23): warning CS8618: Non-nullable property 'State' must contain a non-null value when exiting constructor. Consider adding the 'required' modifier or declaring the property as nullable. [d:\work\CommUnityApp (2)\CommUnityApp\CommUnityApp\Application\CommUnityApp.Application.csproj]
d:\work\CommUnityApp (2)\CommUnityApp\CommUnityApp\Application\Models\BusinessModels.cs(30,23): warning CS8618: Non-nullable property 'Country' must contain a non-null value when exiting constructor. Consider adding the 'required' modifier or declaring the property as nullable. [d:\work\CommUnityApp (2)\CommUnityApp\CommUnityApp\Application\CommUnityApp.Application.csproj]
d:\work\CommUnityApp (2)\CommUnityApp\CommUnityApp\Application\Models\BusinessModels.cs(31,23): warning CS8618: Non-nullable property 'Suburb' must contain a non-null value when exiting constructor. Consider adding the 'required' modifier or declaring the property as nullable. [d:\work\CommUnityApp (2)\CommUnityApp\CommUnityApp\Application\CommUnityApp.Application.csproj]
d:\work\CommUnityApp (2)\CommUnityApp\CommUnityApp\Application\Models\BusinessModels.cs(32,23): warning CS8618: Non-nullable property 'Info' must contain a non-null value when exiting constructor. Consider adding the 'required' modifier or declaring the property as nullable. [d:\work\CommUnityApp (2)\CommUnityApp\CommUnityApp\Application\CommUnityApp.Application.csproj]
d:\work\CommUnityApp (2)\CommUnityApp\CommUnityApp\Application\Models\BusinessModels.cs(33,23): warning CS8618: Non-nullable property 'Logo' must contain a non-null value when exiting constructor. Consider adding the 'required' modifier or declaring the property as nullable. [d:\work\CommUnityApp (2)\CommUnityApp\CommUnityApp\Application\CommUnityApp.Application.csproj]
d:\work\CommUnityApp (2)\CommUnityApp\CommUnityApp\Application\Models\BusinessModels.cs(34,23): warning CS8618: Non-nullable property 'Password' must contain a non-null value when exiting constructor. Consider adding the 'required' modifier or declaring the property as nullable. [d:\work\CommUnityApp (2)\CommUnityApp\CommUnityApp\Application\CommUnityApp.Application.csproj]
d:\work\CommUnityApp (2)\CommUnityApp\CommUnityApp\Application\Models\EventModels.cs(11,23): warning CS8618: Non-nullable property 'EventName' must contain a non-null value when exiting constructor. Consider adding the 'required' modifier or declaring the property as nullable. [d:\work\CommUnityApp (2)\CommUnityApp\CommUnityApp\Application\CommUnityApp.Application.csproj]
d:\work\CommUnityApp (2)\CommUnityApp\CommUnityApp\Application\Models\EventModels.cs(12,23): warning CS8618: Non-nullable property 'Description' must contain a non-null value when exiting constructor. Consider adding the 'required' modifier or declaring the property as nullable. [d:\work\CommUnityApp (2)\CommUnityApp\CommUnityApp\Application\CommUnityApp.Application.csproj]
d:\work\CommUnityApp (2)\CommUnityApp\CommUnityApp\Application\Models\EventModels.cs(13,23): warning CS8618: Non-nullable property 'Location' must contain a non-null value when exiting constructor. Consider adding the 'required' modifier or declaring the property as nullable. [d:\work\CommUnityApp (2)\CommUnityApp\CommUnityApp\Application\CommUnityApp.Application.csproj]
d:\work\CommUnityApp (2)\CommUnityApp\CommUnityApp\Application\Models\EventModels.cs(18,23): warning CS8618: Non-nullable property 'ContactName' must contain a non-null value when exiting constructor. Consider adding the 'required' modifier or declaring the property as nullable. [d:\work\CommUnityApp (2)\CommUnityApp\CommUnityApp\Application\CommUnityApp.Application.csproj]
d:\work\CommUnityApp (2)\CommUnityApp\CommUnityApp\Application\Models\EventModels.cs(19,23): warning CS8618: Non-nullable property 'ContactEmail' must contain a non-null value when exiting constructor. Consider adding the 'required' modifier or declaring the property as nullable. [d:\work\CommUnityApp (2)\CommUnityApp\CommUnityApp\Application\CommUnityApp.Application.csproj]
d:\work\CommUnityApp (2)\CommUnityApp\CommUnityApp\Application\Models\EventModels.cs(20,23): warning CS8618: Non-nullable property 'ContactPhone' must contain a non-null value when exiting constructor. Consider adding the 'required' modifier or declaring the property as nullable. [d:\work\CommUnityApp (2)\CommUnityApp\CommUnityApp\Application\CommUnityApp.Application.csproj]
d:\work\CommUnityApp (2)\CommUnityApp\CommUnityApp\Application\Models\EventModels.cs(26,26): warning CS8618: Non-nullable property 'EventImage' must contain a non-null value when exiting constructor. Consider adding the 'required' modifier or declaring the property as nullable. [d:\work\CommUnityApp (2)\CommUnityApp\CommUnityApp\Application\CommUnityApp.Application.csproj]
d:\work\CommUnityApp (2)\CommUnityApp\CommUnityApp\Application\Models\CommunityModels.cs(6,23): warning CS8618: Non-nullable property 'CommunityName' must contain a non-null value when exiting constructor. Consider adding the 'required' modifier or declaring the property as nullable. [d:\work\CommUnityApp (2)\CommUnityApp\CommUnityApp\Application\CommUnityApp.Application.csproj]
d:\work\CommUnityApp (2)\CommUnityApp\CommUnityApp\Application\Models\CommunityModels.cs(7,23): warning CS8618: Non-nullable property 'Logo' must contain a non-null value when exiting constructor. Consider adding the 'required' modifier or declaring the property as nullable. [d:\work\CommUnityApp (2)\CommUnityApp\CommUnityApp\Application\CommUnityApp.Application.csproj]
d:\work\CommUnityApp (2)\CommUnityApp\CommUnityApp\Application\Models\CommunityModels.cs(8,23): warning CS8618: Non-nullable property 'ContactName' must contain a non-null value when exiting constructor. Consider adding the 'required' modifier or declaring the property as nullable. [d:\work\CommUnityApp (2)\CommUnityApp\CommUnityApp\Application\CommUnityApp.Application.csproj]
d:\work\CommUnityApp (2)\CommUnityApp\CommUnityApp\Application\Models\CommunityModels.cs(9,23): warning CS8618: Non-nullable property 'ContactEmail' must contain a non-null value when exiting constructor. Consider adding the 'required' modifier or declaring the property as nullable. [d:\work\CommUnityApp (2)\CommUnityApp\CommUnityApp\Application\CommUnityApp.Application.csproj]
d:\work\CommUnityApp (2)\CommUnityApp\CommUnityApp\Application\Models\CommunityModels.cs(10,23): warning CS8618: Non-nullable property 'ResultMessage' must contain a non-null value when exiting constructor. Consider adding the 'required' modifier or declaring the property as nullable. [d:\work\CommUnityApp (2)\CommUnityApp\CommUnityApp\Application\CommUnityApp.Application.csproj]
d:\work\CommUnityApp (2)\CommUnityApp\CommUnityApp\Application\Models\EventModels.cs(75,23): warning CS8618: Non-nullable property 'EventName' must contain a non-null value when exiting constructor. Consider adding the 'required' modifier or declaring the property as nullable. [d:\work\CommUnityApp (2)\CommUnityApp\CommUnityApp\Application\CommUnityApp.Application.csproj]
d:\work\CommUnityApp (2)\CommUnityApp\CommUnityApp\Application\Models\EventModels.cs(76,23): warning CS8618: Non-nullable property 'CategoryName' must contain a non-null value when exiting constructor. Consider adding the 'required' modifier or declaring the property as nullable. [d:\work\CommUnityApp (2)\CommUnityApp\CommUnityApp\Application\CommUnityApp.Application.csproj]
d:\work\CommUnityApp (2)\CommUnityApp\CommUnityApp\Application\Models\EventModels.cs(77,23): warning CS8618: Non-nullable property 'Description' must contain a non-null value when exiting constructor. Consider adding the 'required' modifier or declaring the property as nullable. [d:\work\CommUnityApp (2)\CommUnityApp\CommUnityApp\Application\CommUnityApp.Application.csproj]
d:\work\CommUnityApp (2)\CommUnityApp\CommUnityApp\Application\Models\EventModels.cs(78,23): warning CS8618: Non-nullable property 'Location' must contain a non-null value when exiting constructor. Consider adding the 'required' modifier or declaring the property as nullable. [d:\work\CommUnityApp (2)\CommUnityApp\CommUnityApp\Application\CommUnityApp.Application.csproj]
d:\work\CommUnityApp (2)\CommUnityApp\CommUnityApp\Application\Models\EventModels.cs(83,23): warning CS8618: Non-nullable property 'EventImage' must contain a non-null value when exiting constructor. Consider adding the 'required' modifier or declaring the property as nullable. [d:\work\CommUnityApp (2)\CommUnityApp\CommUnityApp\Application\CommUnityApp.Application.csproj]
d:\work\CommUnityApp (2)\CommUnityApp\CommUnityApp\Application\Models\EventModels.cs(84,23): warning CS8618: Non-nullable property 'QRCodeImage' must contain a non-null value when exiting constructor. Consider adding the 'required' modifier or declaring the property as nullable. [d:\work\CommUnityApp (2)\CommUnityApp\CommUnityApp\Application\CommUnityApp.Application.csproj]
d:\work\CommUnityApp (2)\CommUnityApp\CommUnityApp\Application\Models\EventModels.cs(89,23): warning CS8618: Non-nullable property 'ContactName' must contain a non-null value when exiting constructor. Consider adding the 'required' modifier or declaring the property as nullable. [d:\work\CommUnityApp (2)\CommUnityApp\CommUnityApp\Application\CommUnityApp.Application.csproj]
d:\work\CommUnityApp (2)\CommUnityApp\CommUnityApp\Application\Models\EventModels.cs(90,23): warning CS8618: Non-nullable property 'ContactEmail' must contain a non-null value when exiting constructor. Consider adding the 'required' modifier or declaring the property as nullable. [d:\work\CommUnityApp (2)\CommUnityApp\CommUnityApp\Application\CommUnityApp.Application.csproj]
d:\work\CommUnityApp (2)\CommUnityApp\CommUnityApp\Application\Models\EventModels.cs(91,23): warning CS8618: Non-nullable property 'ContactPhone' must contain a non-null value when exiting constructor. Consider adding the 'required' modifier or declaring the property as nullable. [d:\work\CommUnityApp (2)\CommUnityApp\CommUnityApp\Application\CommUnityApp.Application.csproj]
d:\work\CommUnityApp (2)\CommUnityApp\CommUnityApp\Application\Models\EventModels.cs(107,23): warning CS8618: Non-nullable property 'Sponsors' must contain a non-null value when exiting constructor. Consider adding the 'required' modifier or declaring the property as nullable. [d:\work\CommUnityApp (2)\CommUnityApp\CommUnityApp\Application\CommUnityApp.Application.csproj]
d:\work\CommUnityApp (2)\CommUnityApp\CommUnityApp\Application\Models\EventModels.cs(108,23): warning CS8618: Non-nullable property 'EventAcess' must contain a non-null value when exiting constructor. Consider adding the 'required' modifier or declaring the property as nullable. [d:\work\CommUnityApp (2)\CommUnityApp\CommUnityApp\Application\CommUnityApp.Application.csproj]
d:\work\CommUnityApp (2)\CommUnityApp\CommUnityApp\Application\Models\EventModels.cs(109,23): warning CS8618: Non-nullable property 'EventStatus' must contain a non-null value when exiting constructor. Consider adding the 'required' modifier or declaring the property as nullable. [d:\work\CommUnityApp (2)\CommUnityApp\CommUnityApp\Application\CommUnityApp.Application.csproj]
d:\work\CommUnityApp (2)\CommUnityApp\CommUnityApp\Application\Models\BrandGameModels.cs(10,23): warning CS8618: Non-nullable property 'BrandGameName' must contain a non-null value when exiting constructor. Consider adding the 'required' modifier or declaring the property as nullable. [d:\work\CommUnityApp (2)\CommUnityApp\CommUnityApp\Application\CommUnityApp.Application.csproj]
d:\work\CommUnityApp (2)\CommUnityApp\CommUnityApp\Application\Models\BrandGameModels.cs(11,23): warning CS8618: Non-nullable property 'BrandGameTitle' must contain a non-null value when exiting constructor. Consider adding the 'required' modifier or declaring the property as nullable. [d:\work\CommUnityApp (2)\CommUnityApp\CommUnityApp\Application\CommUnityApp.Application.csproj]
d:\work\CommUnityApp (2)\CommUnityApp\CommUnityApp\Application\Models\BrandGameModels.cs(12,23): warning CS8618: Non-nullable property 'BrandGameImage' must contain a non-null value when exiting constructor. Consider adding the 'required' modifier or declaring the property as nullable. [d:\work\CommUnityApp (2)\CommUnityApp\CommUnityApp\Application\CommUnityApp.Application.csproj]
d:\work\CommUnityApp (2)\CommUnityApp\CommUnityApp\Application\Models\BrandGameModels.cs(15,23): warning CS8618: Non-nullable property 'BrandGameDesc' must contain a non-null value when exiting constructor. Consider adding the 'required' modifier or declaring the property as nullable. [d:\work\CommUnityApp (2)\CommUnityApp\CommUnityApp\Application\CommUnityApp.Application.csproj]
d:\work\CommUnityApp (2)\CommUnityApp\CommUnityApp\Application\Models\BrandGameModels.cs(16,23): warning CS8618: Non-nullable property 'ConditionsApply' must contain a non-null value when exiting constructor. Consider adding the 'required' modifier or declaring the property as nullable. [d:\work\CommUnityApp (2)\CommUnityApp\CommUnityApp\Application\CommUnityApp.Application.csproj]
d:\work\CommUnityApp (2)\CommUnityApp\CommUnityApp\Application\Models\BrandGameModels.cs(24,23): warning CS8618: Non-nullable property 'DestinationUrl' must contain a non-null value when exiting constructor. Consider adding the 'required' modifier or declaring the property as nullable. [d:\work\CommUnityApp (2)\CommUnityApp\CommUnityApp\Application\CommUnityApp.Application.csproj]
d:\work\CommUnityApp (2)\CommUnityApp\CommUnityApp\Application\Models\BrandGameModels.cs(26,23): warning CS8618: Non-nullable property 'QRImagePath' must contain a non-null value when exiting constructor. Consider adding the 'required' modifier or declaring the property as nullable. [d:\work\CommUnityApp (2)\CommUnityApp\CommUnityApp\Application\CommUnityApp.Application.csproj]
d:\work\CommUnityApp (2)\CommUnityApp\CommUnityApp\Application\Models\BrandGameModels.cs(28,23): warning CS8618: Non-nullable property 'PrimaryOfferText' must contain a non-null value when exiting constructor. Consider adding the 'required' modifier or declaring the property as nullable. [d:\work\CommUnityApp (2)\CommUnityApp\CommUnityApp\Application\CommUnityApp.Application.csproj]
d:\work\CommUnityApp (2)\CommUnityApp\CommUnityApp\Application\Models\BrandGameModels.cs(29,23): warning CS8618: Non-nullable property 'OfferText' must contain a non-null value when exiting constructor. Consider adding the 'required' modifier or declaring the property as nullable. [d:\work\CommUnityApp (2)\CommUnityApp\CommUnityApp\Application\CommUnityApp.Application.csproj]
d:\work\CommUnityApp (2)\CommUnityApp\CommUnityApp\Application\Models\BrandGameModels.cs(30,23): warning CS8618: Non-nullable property 'PrimaryWinMessage' must contain a non-null value when exiting constructor. Consider adding the 'required' modifier or declaring the property as nullable. [d:\work\CommUnityApp (2)\CommUnityApp\CommUnityApp\Application\CommUnityApp.Application.csproj]
d:\work\CommUnityApp (2)\CommUnityApp\CommUnityApp\Application\Models\BrandGameModels.cs(31,23): warning CS8618: Non-nullable property 'SecondaryWinMessage' must contain a non-null value when exiting constructor. Consider adding the 'required' modifier or declaring the property as nullable. [d:\work\CommUnityApp (2)\CommUnityApp\CommUnityApp\Application\CommUnityApp.Application.csproj]
d:\work\CommUnityApp (2)\CommUnityApp\CommUnityApp\Application\Models\BrandGameModels.cs(32,23): warning CS8618: Non-nullable property 'ConsolationMessage' must contain a non-null value when exiting constructor. Consider adding the 'required' modifier or declaring the property as nullable. [d:\work\CommUnityApp (2)\CommUnityApp\CommUnityApp\Application\CommUnityApp.Application.csproj]
d:\work\CommUnityApp (2)\CommUnityApp\CommUnityApp\Application\Models\BrandGameModels.cs(34,23): warning CS8618: Non-nullable property 'PermitNumber' must contain a non-null value when exiting constructor. Consider adding the 'required' modifier or declaring the property as nullable. [d:\work\CommUnityApp (2)\CommUnityApp\CommUnityApp\Application\CommUnityApp.Application.csproj]
d:\work\CommUnityApp (2)\CommUnityApp\CommUnityApp\Application\Models\BrandGameModels.cs(35,23): warning CS8618: Non-nullable property 'ClassNumber' must contain a non-null value when exiting constructor. Consider adding the 'required' modifier or declaring the property as nullable. [d:\work\CommUnityApp (2)\CommUnityApp\CommUnityApp\Application\CommUnityApp.Application.csproj]
d:\work\CommUnityApp (2)\CommUnityApp\CommUnityApp\Application\Models\BrandGameModels.cs(36,23): warning CS8618: Non-nullable property 'FormColor' must contain a non-null value when exiting constructor. Consider adding the 'required' modifier or declaring the property as nullable. [d:\work\CommUnityApp (2)\CommUnityApp\CommUnityApp\Application\CommUnityApp.Application.csproj]
d:\work\CommUnityApp (2)\CommUnityApp\CommUnityApp\Application\Models\BrandGameModels.cs(37,23): warning CS8618: Non-nullable property 'TextColor' must contain a non-null value when exiting constructor. Consider adding the 'required' modifier or declaring the property as nullable. [d:\work\CommUnityApp (2)\CommUnityApp\CommUnityApp\Application\CommUnityApp.Application.csproj]
d:\work\CommUnityApp (2)\CommUnityApp\CommUnityApp\Application\Models\BrandGameModels.cs(38,23): warning CS8618: Non-nullable property 'PromotionalCode' must contain a non-null value when exiting constructor. Consider adding the 'required' modifier or declaring the property as nullable. [d:\work\CommUnityApp (2)\CommUnityApp\CommUnityApp\Application\CommUnityApp.Application.csproj]
d:\work\CommUnityApp (2)\CommUnityApp\CommUnityApp\Application\Models\BrandGameModels.cs(48,23): warning CS8618: Non-nullable property 'UnSuccessfulImage' must contain a non-null value when exiting constructor. Consider adding the 'required' modifier or declaring the property as nullable. [d:\work\CommUnityApp (2)\CommUnityApp\CommUnityApp\Application\CommUnityApp.Application.csproj]
d:\work\CommUnityApp (2)\CommUnityApp\CommUnityApp\Application\Models\BrandGameModels.cs(49,23): warning CS8618: Non-nullable property 'ExpiryText' must contain a non-null value when exiting constructor. Consider adding the 'required' modifier or declaring the property as nullable. [d:\work\CommUnityApp (2)\CommUnityApp\CommUnityApp\Application\CommUnityApp.Application.csproj]
d:\work\CommUnityApp (2)\CommUnityApp\CommUnityApp\Application\Models\BrandGameModels.cs(54,23): warning CS8618: Non-nullable property 'CurrentInterval' must contain a non-null value when exiting constructor. Consider adding the 'required' modifier or declaring the property as nullable. [d:\work\CommUnityApp (2)\CommUnityApp\CommUnityApp\Application\CommUnityApp.Application.csproj]
d:\work\CommUnityApp (2)\CommUnityApp\CommUnityApp\Application\Models\BrandGameModels.cs(56,23): warning CS8618: Non-nullable property 'CustomTagIds' must contain a non-null value when exiting constructor. Consider adding the 'required' modifier or declaring the property as nullable. [d:\work\CommUnityApp (2)\CommUnityApp\CommUnityApp\Application\CommUnityApp.Application.csproj]
d:\work\CommUnityApp (2)\CommUnityApp\CommUnityApp\Application\Models\BrandGameModels.cs(68,23): warning CS8618: Non-nullable property 'BrandGameName' must contain a non-null value when exiting constructor. Consider adding the 'required' modifier or declaring the property as nullable. [d:\work\CommUnityApp (2)\CommUnityApp\CommUnityApp\Application\CommUnityApp.Application.csproj]
  CommUnityApp.Application -> d:\work\CommUnityApp (2)\CommUnityApp\CommUnityApp\Application\bin\Debug\net8.0\CommUnityApp.ApplicationCore.dll
d:\work\CommUnityApp (2)\CommUnityApp\CommUnityApp\Infrastructure\Repositories\CommunityRepository.cs(23,20): warning CS8603: Possible null reference return. [d:\work\CommUnityApp (2)\CommUnityApp\CommUnityApp\Infrastructure\CommUnityApp.Infrastructure.csproj]
d:\work\CommUnityApp (2)\CommUnityApp\CommUnityApp\Infrastructure\Services\EmailService.cs(27,27): warning CS8600: Converting null literal or possible null value to non-nullable type. [d:\work\CommUnityApp (2)\CommUnityApp\CommUnityApp\Infrastructure\CommUnityApp.Infrastructure.csproj]
d:\work\CommUnityApp (2)\CommUnityApp\CommUnityApp\Infrastructure\Services\EmailService.cs(28,34): warning CS8604: Possible null reference argument for parameter 's' in 'int int.Parse(string s)'. [d:\work\CommUnityApp (2)\CommUnityApp\CommUnityApp\Infrastructure\CommUnityApp.Infrastructure.csproj]
d:\work\CommUnityApp (2)\CommUnityApp\CommUnityApp\Infrastructure\Services\EmailService.cs(29,31): warning CS8600: Converting null literal or possible null value to non-nullable type. [d:\work\CommUnityApp (2)\CommUnityApp\CommUnityApp\Infrastructure\CommUnityApp.Infrastructure.csproj]
d:\work\CommUnityApp (2)\CommUnityApp\CommUnityApp\Infrastructure\Services\EmailService.cs(30,31): warning CS8600: Converting null literal or possible null value to non-nullable type. [d:\work\CommUnityApp (2)\CommUnityApp\CommUnityApp\Infrastructure\CommUnityApp.Infrastructure.csproj]
d:\work\CommUnityApp (2)\CommUnityApp\CommUnityApp\Infrastructure\Services\EmailService.cs(31,32): warning CS8600: Converting null literal or possible null value to non-nullable type. [d:\work\CommUnityApp (2)\CommUnityApp\CommUnityApp\Infrastructure\CommUnityApp.Infrastructure.csproj]
d:\work\CommUnityApp (2)\CommUnityApp\CommUnityApp\Infrastructure\Services\EmailService.cs(41,40): warning CS8604: Possible null reference argument for parameter 'address' in 'MailAddress.MailAddress(string address, string? displayName)'. [d:\work\CommUnityApp (2)\CommUnityApp\CommUnityApp\Infrastructure\CommUnityApp.Infrastructure.csproj]
d:\work\CommUnityApp (2)\CommUnityApp\CommUnityApp\Infrastructure\Services\EmailService.cs(50,13): warning CS8602: Dereference of a possibly null reference. [d:\work\CommUnityApp (2)\CommUnityApp\CommUnityApp\Infrastructure\CommUnityApp.Infrastructure.csproj]
d:\work\CommUnityApp (2)\CommUnityApp\CommUnityApp\Infrastructure\Repositories\BrandGameRepository.cs(28,20): warning CS8603: Possible null reference return. [d:\work\CommUnityApp (2)\CommUnityApp\CommUnityApp\Infrastructure\CommUnityApp.Infrastructure.csproj]
d:\work\CommUnityApp (2)\CommUnityApp\CommUnityApp\Infrastructure\Repositories\EventRepository.cs(38,20): warning CS8603: Possible null reference return. [d:\work\CommUnityApp (2)\CommUnityApp\CommUnityApp\Infrastructure\CommUnityApp.Infrastructure.csproj]
d:\work\CommUnityApp (2)\CommUnityApp\CommUnityApp\Infrastructure\Repositories\BusinessRepository.cs(25,20): warning CS8603: Possible null reference return. [d:\work\CommUnityApp (2)\CommUnityApp\CommUnityApp\Infrastructure\CommUnityApp.Infrastructure.csproj]
d:\work\CommUnityApp (2)\CommUnityApp\CommUnityApp\Infrastructure\Repositories\BrandGameRepository.cs(93,20): warning CS8603: Possible null reference return. [d:\work\CommUnityApp (2)\CommUnityApp\CommUnityApp\Infrastructure\CommUnityApp.Infrastructure.csproj]
d:\work\CommUnityApp (2)\CommUnityApp\CommUnityApp\Infrastructure\Repositories\BusinessRepository.cs(39,20): warning CS8603: Possible null reference return. [d:\work\CommUnityApp (2)\CommUnityApp\CommUnityApp\Infrastructure\CommUnityApp.Infrastructure.csproj]
d:\work\CommUnityApp (2)\CommUnityApp\CommUnityApp\Infrastructure\Repositories\EventRepository.cs(136,24): warning CS8603: Possible null reference return. [d:\work\CommUnityApp (2)\CommUnityApp\CommUnityApp\Infrastructure\CommUnityApp.Infrastructure.csproj]
d:\work\CommUnityApp (2)\CommUnityApp\CommUnityApp\Infrastructure\Repositories\EventRepository.cs(186,20): warning CS8603: Possible null reference return. [d:\work\CommUnityApp (2)\CommUnityApp\CommUnityApp\Infrastructure\CommUnityApp.Infrastructure.csproj]
  CommUnityApp.Infrastructure -> d:\work\CommUnityApp (2)\CommUnityApp\CommUnityApp\Infrastructure\bin\Debug\net8.0\CommUnityApp.InfrastructureLayer.dll
d:\work\CommUnityApp (2)\CommUnityApp\CommUnityApp\CommUnityApp\Views\_ViewImports.cshtml(2,8): warning CS0105: The using directive for 'CommUnityApp' appeared previously in this namespace [d:\work\CommUnityApp (2)\CommUnityApp\CommUnityApp\CommUnityApp\CommUnityApp.csproj]
d:\work\CommUnityApp (2)\CommUnityApp\CommUnityApp\CommUnityApp\Services\EventController.cs(22,16): warning CS8618: Non-nullable field '_configuration' must contain a non-null value when exiting constructor. Consider adding the 'required' modifier or declaring the field as nullable. [d:\work\CommUnityApp (2)\CommUnityApp\CommUnityApp\CommUnityApp\CommUnityApp.csproj]
d:\work\CommUnityApp (2)\CommUnityApp\CommUnityApp\CommUnityApp\Services\EventController.cs(35,36): warning CS8600: Converting null literal or possible null value to non-nullable type. [d:\work\CommUnityApp (2)\CommUnityApp\CommUnityApp\CommUnityApp\CommUnityApp.csproj]
d:\work\CommUnityApp (2)\CommUnityApp\CommUnityApp\CommUnityApp\Services\EventController.cs(56,49): warning CS8604: Possible null reference argument for parameter 'imagePath' in 'Task<BaseResponse> IEventRepository.AddUpdateEventAsync(AddUpdateEventRequest model, string imagePath)'. [d:\work\CommUnityApp (2)\CommUnityApp\CommUnityApp\CommUnityApp\CommUnityApp.csproj]
d:\work\CommUnityApp (2)\CommUnityApp\CommUnityApp\CommUnityApp\Services\EventController.cs(17,41): warning CS0169: The field 'EventController._configuration' is never used [d:\work\CommUnityApp (2)\CommUnityApp\CommUnityApp\CommUnityApp\CommUnityApp.csproj]
d:\work\CommUnityApp (2)\CommUnityApp\CommUnityApp\CommUnityApp\Services\EventController.cs(116,36): warning CA1416: This call site is reachable on all platforms. 'QRCode.GetGraphic(int)' is only supported on: 'windows'. (https://learn.microsoft.com/dotnet/fundamentals/code-analysis/quality-rules/ca1416) [d:\work\CommUnityApp (2)\CommUnityApp\CommUnityApp\CommUnityApp\CommUnityApp.csproj]
d:\work\CommUnityApp (2)\CommUnityApp\CommUnityApp\CommUnityApp\Services\EventController.cs(118,39): warning CA1416: This call site is reachable on all platforms. 'ImageFormat.Png' is only supported on: 'windows' 6.1 and later. (https://learn.microsoft.com/dotnet/fundamentals/code-analysis/quality-rules/ca1416) [d:\work\CommUnityApp (2)\CommUnityApp\CommUnityApp\CommUnityApp\CommUnityApp.csproj]
d:\work\CommUnityApp (2)\CommUnityApp\CommUnityApp\CommUnityApp\Services\EventController.cs(114,29): warning CA1416: This call site is reachable on all platforms. 'QRCode' is only supported on: 'windows'. (https://learn.microsoft.com/dotnet/fundamentals/code-analysis/quality-rules/ca1416) [d:\work\CommUnityApp (2)\CommUnityApp\CommUnityApp\CommUnityApp\CommUnityApp.csproj]
d:\work\CommUnityApp (2)\CommUnityApp\CommUnityApp\CommUnityApp\Services\EventController.cs(118,17): warning CA1416: This call site is reachable on all platforms. 'Image.Save(string, ImageFormat)' is only supported on: 'windows' 6.1 and later. (https://learn.microsoft.com/dotnet/fundamentals/code-analysis/quality-rules/ca1416) [d:\work\CommUnityApp (2)\CommUnityApp\CommUnityApp\CommUnityApp\CommUnityApp.csproj]
  CommUnityApp -> d:\work\CommUnityApp (2)\CommUnityApp\CommUnityApp\CommUnityApp\bin\Debug\net8.0\CommUnityApp.dll

Build succeeded.

d:\work\CommUnityApp (2)\CommUnityApp\CommUnityApp\Application\Models\BusinessModels.cs(5,23): warning CS8618: Non-nullable property 'Email' must contain a non-null value when exiting constructor. Consider adding the 'required' modifier or declaring the property as nullable. [d:\work\CommUnityApp (2)\CommUnityApp\CommUnityApp\Application\CommUnityApp.Application.csproj]
d:\work\CommUnityApp (2)\CommUnityApp\CommUnityApp\Application\Models\BusinessModels.cs(6,23): warning CS8618: Non-nullable property 'Password' must contain a non-null value when exiting constructor. Consider adding the 'required' modifier or declaring the property as nullable. [d:\work\CommUnityApp (2)\CommUnityApp\CommUnityApp\Application\CommUnityApp.Application.csproj]
d:\work\CommUnityApp (2)\CommUnityApp\CommUnityApp\Application\Models\CommunityModels.cs(15,23): warning CS8618: Non-nullable property 'UserName' must contain a non-null value when exiting constructor. Consider adding the 'required' modifier or declaring the property as nullable. [d:\work\CommUnityApp (2)\CommUnityApp\CommUnityApp\Application\CommUnityApp.Application.csproj]
d:\work\CommUnityApp (2)\CommUnityApp\CommUnityApp\Application\Models\CommunityModels.cs(16,23): warning CS8618: Non-nullable property 'Password' must contain a non-null value when exiting constructor. Consider adding the 'required' modifier or declaring the property as nullable. [d:\work\CommUnityApp (2)\CommUnityApp\CommUnityApp\Application\CommUnityApp.Application.csproj]
d:\work\CommUnityApp (2)\CommUnityApp\CommUnityApp\Application\Models\CommunityModels.cs(22,23): warning CS8618: Non-nullable property 'GroupName' must contain a non-null value when exiting constructor. Consider adding the 'required' modifier or declaring the property as nullable. [d:\work\CommUnityApp (2)\CommUnityApp\CommUnityApp\Application\CommUnityApp.Application.csproj]
d:\work\CommUnityApp (2)\CommUnityApp\CommUnityApp\Application\Models\EventModels.cs(32,23): warning CS8618: Non-nullable property 'ResultMessage' must contain a non-null value when exiting constructor. Consider adding the 'required' modifier or declaring the property as nullable. [d:\work\CommUnityApp (2)\CommUnityApp\CommUnityApp\Application\CommUnityApp.Application.csproj]
d:\work\CommUnityApp (2)\CommUnityApp\CommUnityApp\Application\Models\BusinessModels.cs(12,23): warning CS8618: Non-nullable property 'BusinessName' must contain a non-null value when exiting constructor. Consider adding the 'required' modifier or declaring the property as nullable. [d:\work\CommUnityApp (2)\CommUnityApp\CommUnityApp\Application\CommUnityApp.Application.csproj]
d:\work\CommUnityApp (2)\CommUnityApp\CommUnityApp\Application\Models\BusinessModels.cs(13,23): warning CS8618: Non-nullable property 'Logo' must contain a non-null value when exiting constructor. Consider adding the 'required' modifier or declaring the property as nullable. [d:\work\CommUnityApp (2)\CommUnityApp\CommUnityApp\Application\CommUnityApp.Application.csproj]
d:\work\CommUnityApp (2)\CommUnityApp\CommUnityApp\Application\Models\BusinessModels.cs(14,23): warning CS8618: Non-nullable property 'Email' must contain a non-null value when exiting constructor. Consider adding the 'required' modifier or declaring the property as nullable. [d:\work\CommUnityApp (2)\CommUnityApp\CommUnityApp\Application\CommUnityApp.Application.csproj]
d:\work\CommUnityApp (2)\CommUnityApp\CommUnityApp\Application\Models\BusinessModels.cs(15,23): warning CS8618: Non-nullable property 'ResultMessage' must contain a non-null value when exiting constructor. Consider adding the 'required' modifier or declaring the property as nullable. [d:\work\CommUnityApp (2)\CommUnityApp\CommUnityApp\Application\CommUnityApp.Application.csproj]
d:\work\CommUnityApp (2)\CommUnityApp\CommUnityApp\Application\Models\EventModels.cs(39,23): warning CS8618: Non-nullable property 'GroupIds' must contain a non-null value when exiting constructor. Consider adding the 'required' modifier or declaring the property as nullable. [d:\work\CommUnityApp (2)\CommUnityApp\CommUnityApp\Application\CommUnityApp.Application.csproj]
d:\work\CommUnityApp (2)\CommUnityApp\CommUnityApp\Application\Models\EventModels.cs(46,23): warning CS8618: Non-nullable property 'EventName' must contain a non-null value when exiting constructor. Consider adding the 'required' modifier or declaring the property as nullable. [d:\work\CommUnityApp (2)\CommUnityApp\CommUnityApp\Application\CommUnityApp.Application.csproj]
d:\work\CommUnityApp (2)\CommUnityApp\CommUnityApp\Application\Models\EventModels.cs(47,23): warning CS8618: Non-nullable property 'CategoryName' must contain a non-null value when exiting constructor. Consider adding the 'required' modifier or declaring the property as nullable. [d:\work\CommUnityApp (2)\CommUnityApp\CommUnityApp\Application\CommUnityApp.Application.csproj]
d:\work\CommUnityApp (2)\CommUnityApp\CommUnityApp\Application\Models\EventModels.cs(50,23): warning CS8618: Non-nullable property 'Location' must contain a non-null value when exiting constructor. Consider adding the 'required' modifier or declaring the property as nullable. [d:\work\CommUnityApp (2)\CommUnityApp\CommUnityApp\Application\CommUnityApp.Application.csproj]
d:\work\CommUnityApp (2)\CommUnityApp\CommUnityApp\Application\Models\EventModels.cs(51,23): warning CS8618: Non-nullable property 'EventImage' must contain a non-null value when exiting constructor. Consider adding the 'required' modifier or declaring the property as nullable. [d:\work\CommUnityApp (2)\CommUnityApp\CommUnityApp\Application\CommUnityApp.Application.csproj]
d:\work\CommUnityApp (2)\CommUnityApp\CommUnityApp\Application\Models\EventModels.cs(52,23): warning CS8618: Non-nullable property 'QRCodeImage' must contain a non-null value when exiting constructor. Consider adding the 'required' modifier or declaring the property as nullable. [d:\work\CommUnityApp (2)\CommUnityApp\CommUnityApp\Application\CommUnityApp.Application.csproj]
d:\work\CommUnityApp (2)\CommUnityApp\CommUnityApp\Application\Models\EventModels.cs(60,23): warning CS8618: Non-nullable property 'Name' must contain a non-null value when exiting constructor. Consider adding the 'required' modifier or declaring the property as nullable. [d:\work\CommUnityApp (2)\CommUnityApp\CommUnityApp\Application\CommUnityApp.Application.csproj]
d:\work\CommUnityApp (2)\CommUnityApp\CommUnityApp\Application\Models\EventModels.cs(61,23): warning CS8618: Non-nullable property 'Email' must contain a non-null value when exiting constructor. Consider adding the 'required' modifier or declaring the property as nullable. [d:\work\CommUnityApp (2)\CommUnityApp\CommUnityApp\Application\CommUnityApp.Application.csproj]
d:\work\CommUnityApp (2)\CommUnityApp\CommUnityApp\Application\Models\EventModels.cs(62,23): warning CS8618: Non-nullable property 'Mobile' must contain a non-null value when exiting constructor. Consider adding the 'required' modifier or declaring the property as nullable. [d:\work\CommUnityApp (2)\CommUnityApp\CommUnityApp\Application\CommUnityApp.Application.csproj]
d:\work\CommUnityApp (2)\CommUnityApp\CommUnityApp\Application\Models\BusinessModels.cs(22,23): warning CS8618: Non-nullable property 'BusinessName' must contain a non-null value when exiting constructor. Consider adding the 'required' modifier or declaring the property as nullable. [d:\work\CommUnityApp (2)\CommUnityApp\CommUnityApp\Application\CommUnityApp.Application.csproj]
d:\work\CommUnityApp (2)\CommUnityApp\CommUnityApp\Application\Models\BusinessModels.cs(23,23): warning CS8618: Non-nullable property 'BusinessNumber' must contain a non-null value when exiting constructor. Consider adding the 'required' modifier or declaring the property as nullable. [d:\work\CommUnityApp (2)\CommUnityApp\CommUnityApp\Application\CommUnityApp.Application.csproj]
d:\work\CommUnityApp (2)\CommUnityApp\CommUnityApp\Application\Models\BusinessModels.cs(24,23): warning CS8618: Non-nullable property 'OwnerName' must contain a non-null value when exiting constructor. Consider adding the 'required' modifier or declaring the property as nullable. [d:\work\CommUnityApp (2)\CommUnityApp\CommUnityApp\Application\CommUnityApp.Application.csproj]
d:\work\CommUnityApp (2)\CommUnityApp\CommUnityApp\Application\Models\BusinessModels.cs(25,23): warning CS8618: Non-nullable property 'Email' must contain a non-null value when exiting constructor. Consider adding the 'required' modifier or declaring the property as nullable. [d:\work\CommUnityApp (2)\CommUnityApp\CommUnityApp\Application\CommUnityApp.Application.csproj]
d:\work\CommUnityApp (2)\CommUnityApp\CommUnityApp\Application\Models\BusinessModels.cs(26,23): warning CS8618: Non-nullable property 'Phone' must contain a non-null value when exiting constructor. Consider adding the 'required' modifier or declaring the property as nullable. [d:\work\CommUnityApp (2)\CommUnityApp\CommUnityApp\Application\CommUnityApp.Application.csproj]
d:\work\CommUnityApp (2)\CommUnityApp\CommUnityApp\Application\Models\BusinessModels.cs(27,23): warning CS8618: Non-nullable property 'Address' must contain a non-null value when exiting constructor. Consider adding the 'required' modifier or declaring the property as nullable. [d:\work\CommUnityApp (2)\CommUnityApp\CommUnityApp\Application\CommUnityApp.Application.csproj]
d:\work\CommUnityApp (2)\CommUnityApp\CommUnityApp\Application\Models\BusinessModels.cs(28,23): warning CS8618: Non-nullable property 'City' must contain a non-null value when exiting constructor. Consider adding the 'required' modifier or declaring the property as nullable. [d:\work\CommUnityApp (2)\CommUnityApp\CommUnityApp\Application\CommUnityApp.Application.csproj]
d:\work\CommUnityApp (2)\CommUnityApp\CommUnityApp\Application\Models\BusinessModels.cs(29,23): warning CS8618: Non-nullable property 'State' must contain a non-null value when exiting constructor. Consider adding the 'required' modifier or declaring the property as nullable. [d:\work\CommUnityApp (2)\CommUnityApp\CommUnityApp\Application\CommUnityApp.Application.csproj]
d:\work\CommUnityApp (2)\CommUnityApp\CommUnityApp\Application\Models\BusinessModels.cs(30,23): warning CS8618: Non-nullable property 'Country' must contain a non-null value when exiting constructor. Consider adding the 'required' modifier or declaring the property as nullable. [d:\work\CommUnityApp (2)\CommUnityApp\CommUnityApp\Application\CommUnityApp.Application.csproj]
d:\work\CommUnityApp (2)\CommUnityApp\CommUnityApp\Application\Models\BusinessModels.cs(31,23): warning CS8618: Non-nullable property 'Suburb' must contain a non-null value when exiting constructor. Consider adding the 'required' modifier or declaring the property as nullable. [d:\work\CommUnityApp (2)\CommUnityApp\CommUnityApp\Application\CommUnityApp.Application.csproj]
d:\work\CommUnityApp (2)\CommUnityApp\CommUnityApp\Application\Models\BusinessModels.cs(32,23): warning CS8618: Non-nullable property 'Info' must contain a non-null value when exiting constructor. Consider adding the 'required' modifier or declaring the property as nullable. [d:\work\CommUnityApp (2)\CommUnityApp\CommUnityApp\Application\CommUnityApp.Application.csproj]
d:\work\CommUnityApp (2)\CommUnityApp\CommUnityApp\Application\Models\BusinessModels.cs(33,23): warning CS8618: Non-nullable property 'Logo' must contain a non-null value when exiting constructor. Consider adding the 'required' modifier or declaring the property as nullable. [d:\work\CommUnityApp (2)\CommUnityApp\CommUnityApp\Application\CommUnityApp.Application.csproj]
d:\work\CommUnityApp (2)\CommUnityApp\CommUnityApp\Application\Models\BusinessModels.cs(34,23): warning CS8618: Non-nullable property 'Password' must contain a non-null value when exiting constructor. Consider adding the 'required' modifier or declaring the property as nullable. [d:\work\CommUnityApp (2)\CommUnityApp\CommUnityApp\Application\CommUnityApp.Application.csproj]
d:\work\CommUnityApp (2)\CommUnityApp\CommUnityApp\Application\Models\EventModels.cs(11,23): warning CS8618: Non-nullable property 'EventName' must contain a non-null value when exiting constructor. Consider adding the 'required' modifier or declaring the property as nullable. [d:\work\CommUnityApp (2)\CommUnityApp\CommUnityApp\Application\CommUnityApp.Application.csproj]
d:\work\CommUnityApp (2)\CommUnityApp\CommUnityApp\Application\Models\EventModels.cs(12,23): warning CS8618: Non-nullable property 'Description' must contain a non-null value when exiting constructor. Consider adding the 'required' modifier or declaring the property as nullable. [d:\work\CommUnityApp (2)\CommUnityApp\CommUnityApp\Application\CommUnityApp.Application.csproj]
d:\work\CommUnityApp (2)\CommUnityApp\CommUnityApp\Application\Models\EventModels.cs(13,23): warning CS8618: Non-nullable property 'Location' must contain a non-null value when exiting constructor. Consider adding the 'required' modifier or declaring the property as nullable. [d:\work\CommUnityApp (2)\CommUnityApp\CommUnityApp\Application\CommUnityApp.Application.csproj]
d:\work\CommUnityApp (2)\CommUnityApp\CommUnityApp\Application\Models\EventModels.cs(18,23): warning CS8618: Non-nullable property 'ContactName' must contain a non-null value when exiting constructor. Consider adding the 'required' modifier or declaring the property as nullable. [d:\work\CommUnityApp (2)\CommUnityApp\CommUnityApp\Application\CommUnityApp.Application.csproj]
d:\work\CommUnityApp (2)\CommUnityApp\CommUnityApp\Application\Models\EventModels.cs(19,23): warning CS8618: Non-nullable property 'ContactEmail' must contain a non-null value when exiting constructor. Consider adding the 'required' modifier or declaring the property as nullable. [d:\work\CommUnityApp (2)\CommUnityApp\CommUnityApp\Application\CommUnityApp.Application.csproj]
d:\work\CommUnityApp (2)\CommUnityApp\CommUnityApp\Application\Models\EventModels.cs(20,23): warning CS8618: Non-nullable property 'ContactPhone' must contain a non-null value when exiting constructor. Consider adding the 'required' modifier or declaring the property as nullable. [d:\work\CommUnityApp (2)\CommUnityApp\CommUnityApp\Application\CommUnityApp.Application.csproj]
d:\work\CommUnityApp (2)\CommUnityApp\CommUnityApp\Application\Models\EventModels.cs(26,26): warning CS8618: Non-nullable property 'EventImage' must contain a non-null value when exiting constructor. Consider adding the 'required' modifier or declaring the property as nullable. [d:\work\CommUnityApp (2)\CommUnityApp\CommUnityApp\Application\CommUnityApp.Application.csproj]
d:\work\CommUnityApp (2)\CommUnityApp\CommUnityApp\Application\Models\CommunityModels.cs(6,23): warning CS8618: Non-nullable property 'CommunityName' must contain a non-null value when exiting constructor. Consider adding the 'required' modifier or declaring the property as nullable. [d:\work\CommUnityApp (2)\CommUnityApp\CommUnityApp\Application\CommUnityApp.Application.csproj]
d:\work\CommUnityApp (2)\CommUnityApp\CommUnityApp\Application\Models\CommunityModels.cs(7,23): warning CS8618: Non-nullable property 'Logo' must contain a non-null value when exiting constructor. Consider adding the 'required' modifier or declaring the property as nullable. [d:\work\CommUnityApp (2)\CommUnityApp\CommUnityApp\Application\CommUnityApp.Application.csproj]
d:\work\CommUnityApp (2)\CommUnityApp\CommUnityApp\Application\Models\CommunityModels.cs(8,23): warning CS8618: Non-nullable property 'ContactName' must contain a non-null value when exiting constructor. Consider adding the 'required' modifier or declaring the property as nullable. [d:\work\CommUnityApp (2)\CommUnityApp\CommUnityApp\Application\CommUnityApp.Application.csproj]
d:\work\CommUnityApp (2)\CommUnityApp\CommUnityApp\Application\Models\CommunityModels.cs(9,23): warning CS8618: Non-nullable property 'ContactEmail' must contain a non-null value when exiting constructor. Consider adding the 'required' modifier or declaring the property as nullable. [d:\work\CommUnityApp (2)\CommUnityApp\CommUnityApp\Application\CommUnityApp.Application.csproj]
d:\work\CommUnityApp (2)\CommUnityApp\CommUnityApp\Application\Models\CommunityModels.cs(10,23): warning CS8618: Non-nullable property 'ResultMessage' must contain a non-null value when exiting constructor. Consider adding the 'required' modifier or declaring the property as nullable. [d:\work\CommUnityApp (2)\CommUnityApp\CommUnityApp\Application\CommUnityApp.Application.csproj]
d:\work\CommUnityApp (2)\CommUnityApp\CommUnityApp\Application\Models\EventModels.cs(75,23): warning CS8618: Non-nullable property 'EventName' must contain a non-null value when exiting constructor. Consider adding the 'required' modifier or declaring the property as nullable. [d:\work\CommUnityApp (2)\CommUnityApp\CommUnityApp\Application\CommUnityApp.Application.csproj]
d:\work\CommUnityApp (2)\CommUnityApp\CommUnityApp\Application\Models\EventModels.cs(76,23): warning CS8618: Non-nullable property 'CategoryName' must contain a non-null value when exiting constructor. Consider adding the 'required' modifier or declaring the property as nullable. [d:\work\CommUnityApp (2)\CommUnityApp\CommUnityApp\Application\CommUnityApp.Application.csproj]
d:\work\CommUnityApp (2)\CommUnityApp\CommUnityApp\Application\Models\EventModels.cs(77,23): warning CS8618: Non-nullable property 'Description' must contain a non-null value when exiting constructor. Consider adding the 'required' modifier or declaring the property as nullable. [d:\work\CommUnityApp (2)\CommUnityApp\CommUnityApp\Application\CommUnityApp.Application.csproj]
d:\work\CommUnityApp (2)\CommUnityApp\CommUnityApp\Application\Models\EventModels.cs(78,23): warning CS8618: Non-nullable property 'Location' must contain a non-null value when exiting constructor. Consider adding the 'required' modifier or declaring the property as nullable. [d:\work\CommUnityApp (2)\CommUnityApp\CommUnityApp\Application\CommUnityApp.Application.csproj]
d:\work\CommUnityApp (2)\CommUnityApp\CommUnityApp\Application\Models\EventModels.cs(83,23): warning CS8618: Non-nullable property 'EventImage' must contain a non-null value when exiting constructor. Consider adding the 'required' modifier or declaring the property as nullable. [d:\work\CommUnityApp (2)\CommUnityApp\CommUnityApp\Application\CommUnityApp.Application.csproj]
d:\work\CommUnityApp (2)\CommUnityApp\CommUnityApp\Application\Models\EventModels.cs(84,23): warning CS8618: Non-nullable property 'QRCodeImage' must contain a non-null value when exiting constructor. Consider adding the 'required' modifier or declaring the property as nullable. [d:\work\CommUnityApp (2)\CommUnityApp\CommUnityApp\Application\CommUnityApp.Application.csproj]
d:\work\CommUnityApp (2)\CommUnityApp\CommUnityApp\Application\Models\EventModels.cs(89,23): warning CS8618: Non-nullable property 'ContactName' must contain a non-null value when exiting constructor. Consider adding the 'required' modifier or declaring the property as nullable. [d:\work\CommUnityApp (2)\CommUnityApp\CommUnityApp\Application\CommUnityApp.Application.csproj]
d:\work\CommUnityApp (2)\CommUnityApp\CommUnityApp\Application\Models\EventModels.cs(90,23): warning CS8618: Non-nullable property 'ContactEmail' must contain a non-null value when exiting constructor. Consider adding the 'required' modifier or declaring the property as nullable. [d:\work\CommUnityApp (2)\CommUnityApp\CommUnityApp\Application\CommUnityApp.Application.csproj]
d:\work\CommUnityApp (2)\CommUnityApp\CommUnityApp\Application\Models\EventModels.cs(91,23): warning CS8618: Non-nullable property 'ContactPhone' must contain a non-null value when exiting constructor. Consider adding the 'required' modifier or declaring the property as nullable. [d:\work\CommUnityApp (2)\CommUnityApp\CommUnityApp\Application\CommUnityApp.Application.csproj]
d:\work\CommUnityApp (2)\CommUnityApp\CommUnityApp\Application\Models\EventModels.cs(107,23): warning CS8618: Non-nullable property 'Sponsors' must contain a non-null value when exiting constructor. Consider adding the 'required' modifier or declaring the property as nullable. [d:\work\CommUnityApp (2)\CommUnityApp\CommUnityApp\Application\CommUnityApp.Application.csproj]
d:\work\CommUnityApp (2)\CommUnityApp\CommUnityApp\Application\Models\EventModels.cs(108,23): warning CS8618: Non-nullable property 'EventAcess' must contain a non-null value when exiting constructor. Consider adding the 'required' modifier or declaring the property as nullable. [d:\work\CommUnityApp (2)\CommUnityApp\CommUnityApp\Application\CommUnityApp.Application.csproj]
d:\work\CommUnityApp (2)\CommUnityApp\CommUnityApp\Application\Models\EventModels.cs(109,23): warning CS8618: Non-nullable property 'EventStatus' must contain a non-null value when exiting constructor. Consider adding the 'required' modifier or declaring the property as nullable. [d:\work\CommUnityApp (2)\CommUnityApp\CommUnityApp\Application\CommUnityApp.Application.csproj]
d:\work\CommUnityApp (2)\CommUnityApp\CommUnityApp\Application\Models\BrandGameModels.cs(10,23): warning CS8618: Non-nullable property 'BrandGameName' must contain a non-null value when exiting constructor. Consider adding the 'required' modifier or declaring the property as nullable. [d:\work\CommUnityApp (2)\CommUnityApp\CommUnityApp\Application\CommUnityApp.Application.csproj]
d:\work\CommUnityApp (2)\CommUnityApp\CommUnityApp\Application\Models\BrandGameModels.cs(11,23): warning CS8618: Non-nullable property 'BrandGameTitle' must contain a non-null value when exiting constructor. Consider adding the 'required' modifier or declaring the property as nullable. [d:\work\CommUnityApp (2)\CommUnityApp\CommUnityApp\Application\CommUnityApp.Application.csproj]
d:\work\CommUnityApp (2)\CommUnityApp\CommUnityApp\Application\Models\BrandGameModels.cs(12,23): warning CS8618: Non-nullable property 'BrandGameImage' must contain a non-null value when exiting constructor. Consider adding the 'required' modifier or declaring the property as nullable. [d:\work\CommUnityApp (2)\CommUnityApp\CommUnityApp\Application\CommUnityApp.Application.csproj]
d:\work\CommUnityApp (2)\CommUnityApp\CommUnityApp\Application\Models\BrandGameModels.cs(15,23): warning CS8618: Non-nullable property 'BrandGameDesc' must contain a non-null value when exiting constructor. Consider adding the 'required' modifier or declaring the property as nullable. [d:\work\CommUnityApp (2)\CommUnityApp\CommUnityApp\Application\CommUnityApp.Application.csproj]
d:\work\CommUnityApp (2)\CommUnityApp\CommUnityApp\Application\Models\BrandGameModels.cs(16,23): warning CS8618: Non-nullable property 'ConditionsApply' must contain a non-null value when exiting constructor. Consider adding the 'required' modifier or declaring the property as nullable. [d:\work\CommUnityApp (2)\CommUnityApp\CommUnityApp\Application\CommUnityApp.Application.csproj]
d:\work\CommUnityApp (2)\CommUnityApp\CommUnityApp\Application\Models\BrandGameModels.cs(24,23): warning CS8618: Non-nullable property 'DestinationUrl' must contain a non-null value when exiting constructor. Consider adding the 'required' modifier or declaring the property as nullable. [d:\work\CommUnityApp (2)\CommUnityApp\CommUnityApp\Application\CommUnityApp.Application.csproj]
d:\work\CommUnityApp (2)\CommUnityApp\CommUnityApp\Application\Models\BrandGameModels.cs(26,23): warning CS8618: Non-nullable property 'QRImagePath' must contain a non-null value when exiting constructor. Consider adding the 'required' modifier or declaring the property as nullable. [d:\work\CommUnityApp (2)\CommUnityApp\CommUnityApp\Application\CommUnityApp.Application.csproj]
d:\work\CommUnityApp (2)\CommUnityApp\CommUnityApp\Application\Models\BrandGameModels.cs(28,23): warning CS8618: Non-nullable property 'PrimaryOfferText' must contain a non-null value when exiting constructor. Consider adding the 'required' modifier or declaring the property as nullable. [d:\work\CommUnityApp (2)\CommUnityApp\CommUnityApp\Application\CommUnityApp.Application.csproj]
d:\work\CommUnityApp (2)\CommUnityApp\CommUnityApp\Application\Models\BrandGameModels.cs(29,23): warning CS8618: Non-nullable property 'OfferText' must contain a non-null value when exiting constructor. Consider adding the 'required' modifier or declaring the property as nullable. [d:\work\CommUnityApp (2)\CommUnityApp\CommUnityApp\Application\CommUnityApp.Application.csproj]
d:\work\CommUnityApp (2)\CommUnityApp\CommUnityApp\Application\Models\BrandGameModels.cs(30,23): warning CS8618: Non-nullable property 'PrimaryWinMessage' must contain a non-null value when exiting constructor. Consider adding the 'required' modifier or declaring the property as nullable. [d:\work\CommUnityApp (2)\CommUnityApp\CommUnityApp\Application\CommUnityApp.Application.csproj]
d:\work\CommUnityApp (2)\CommUnityApp\CommUnityApp\Application\Models\BrandGameModels.cs(31,23): warning CS8618: Non-nullable property 'SecondaryWinMessage' must contain a non-null value when exiting constructor. Consider adding the 'required' modifier or declaring the property as nullable. [d:\work\CommUnityApp (2)\CommUnityApp\CommUnityApp\Application\CommUnityApp.Application.csproj]
d:\work\CommUnityApp (2)\CommUnityApp\CommUnityApp\Application\Models\BrandGameModels.cs(32,23): warning CS8618: Non-nullable property 'ConsolationMessage' must contain a non-null value when exiting constructor. Consider adding the 'required' modifier or declaring the property as nullable. [d:\work\CommUnityApp (2)\CommUnityApp\CommUnityApp\Application\CommUnityApp.Application.csproj]
d:\work\CommUnityApp (2)\CommUnityApp\CommUnityApp\Application\Models\BrandGameModels.cs(34,23): warning CS8618: Non-nullable property 'PermitNumber' must contain a non-null value when exiting constructor. Consider adding the 'required' modifier or declaring the property as nullable. [d:\work\CommUnityApp (2)\CommUnityApp\CommUnityApp\Application\CommUnityApp.Application.csproj]
d:\work\CommUnityApp (2)\CommUnityApp\CommUnityApp\Application\Models\BrandGameModels.cs(35,23): warning CS8618: Non-nullable property 'ClassNumber' must contain a non-null value when exiting constructor. Consider adding the 'required' modifier or declaring the property as nullable. [d:\work\CommUnityApp (2)\CommUnityApp\CommUnityApp\Application\CommUnityApp.Application.csproj]
d:\work\CommUnityApp (2)\CommUnityApp\CommUnityApp\Application\Models\BrandGameModels.cs(36,23): warning CS8618: Non-nullable property 'FormColor' must contain a non-null value when exiting constructor. Consider adding the 'required' modifier or declaring the property as nullable. [d:\work\CommUnityApp (2)\CommUnityApp\CommUnityApp\Application\CommUnityApp.Application.csproj]
d:\work\CommUnityApp (2)\CommUnityApp\CommUnityApp\Application\Models\BrandGameModels.cs(37,23): warning CS8618: Non-nullable property 'TextColor' must contain a non-null value when exiting constructor. Consider adding the 'required' modifier or declaring the property as nullable. [d:\work\CommUnityApp (2)\CommUnityApp\CommUnityApp\Application\CommUnityApp.Application.csproj]
d:\work\CommUnityApp (2)\CommUnityApp\CommUnityApp\Application\Models\BrandGameModels.cs(38,23): warning CS8618: Non-nullable property 'PromotionalCode' must contain a non-null value when exiting constructor. Consider adding the 'required' modifier or declaring the property as nullable. [d:\work\CommUnityApp (2)\CommUnityApp\CommUnityApp\Application\CommUnityApp.Application.csproj]
d:\work\CommUnityApp (2)\CommUnityApp\CommUnityApp\Application\Models\BrandGameModels.cs(48,23): warning CS8618: Non-nullable property 'UnSuccessfulImage' must contain a non-null value when exiting constructor. Consider adding the 'required' modifier or declaring the property as nullable. [d:\work\CommUnityApp (2)\CommUnityApp\CommUnityApp\Application\CommUnityApp.Application.csproj]
d:\work\CommUnityApp (2)\CommUnityApp\CommUnityApp\Application\Models\BrandGameModels.cs(49,23): warning CS8618: Non-nullable property 'ExpiryText' must contain a non-null value when exiting constructor. Consider adding the 'required' modifier or declaring the property as nullable. [d:\work\CommUnityApp (2)\CommUnityApp\CommUnityApp\Application\CommUnityApp.Application.csproj]
d:\work\CommUnityApp (2)\CommUnityApp\CommUnityApp\Application\Models\BrandGameModels.cs(54,23): warning CS8618: Non-nullable property 'CurrentInterval' must contain a non-null value when exiting constructor. Consider adding the 'required' modifier or declaring the property as nullable. [d:\work\CommUnityApp (2)\CommUnityApp\CommUnityApp\Application\CommUnityApp.Application.csproj]
d:\work\CommUnityApp (2)\CommUnityApp\CommUnityApp\Application\Models\BrandGameModels.cs(56,23): warning CS8618: Non-nullable property 'CustomTagIds' must contain a non-null value when exiting constructor. Consider adding the 'required' modifier or declaring the property as nullable. [d:\work\CommUnityApp (2)\CommUnityApp\CommUnityApp\Application\CommUnityApp.Application.csproj]
d:\work\CommUnityApp (2)\CommUnityApp\CommUnityApp\Application\Models\BrandGameModels.cs(68,23): warning CS8618: Non-nullable property 'BrandGameName' must contain a non-null value when exiting constructor. Consider adding the 'required' modifier or declaring the property as nullable. [d:\work\CommUnityApp (2)\CommUnityApp\CommUnityApp\Application\CommUnityApp.Application.csproj]
d:\work\CommUnityApp (2)\CommUnityApp\CommUnityApp\Infrastructure\Repositories\CommunityRepository.cs(23,20): warning CS8603: Possible null reference return. [d:\work\CommUnityApp (2)\CommUnityApp\CommUnityApp\Infrastructure\CommUnityApp.Infrastructure.csproj]
d:\work\CommUnityApp (2)\CommUnityApp\CommUnityApp\Infrastructure\Services\EmailService.cs(27,27): warning CS8600: Converting null literal or possible null value to non-nullable type. [d:\work\CommUnityApp (2)\CommUnityApp\CommUnityApp\Infrastructure\CommUnityApp.Infrastructure.csproj]
d:\work\CommUnityApp (2)\CommUnityApp\CommUnityApp\Infrastructure\Services\EmailService.cs(28,34): warning CS8604: Possible null reference argument for parameter 's' in 'int int.Parse(string s)'. [d:\work\CommUnityApp (2)\CommUnityApp\CommUnityApp\Infrastructure\CommUnityApp.Infrastructure.csproj]
d:\work\CommUnityApp (2)\CommUnityApp\CommUnityApp\Infrastructure\Services\EmailService.cs(29,31): warning CS8600: Converting null literal or possible null value to non-nullable type. [d:\work\CommUnityApp (2)\CommUnityApp\CommUnityApp\Infrastructure\CommUnityApp.Infrastructure.csproj]
d:\work\CommUnityApp (2)\CommUnityApp\CommUnityApp\Infrastructure\Services\EmailService.cs(30,31): warning CS8600: Converting null literal or possible null value to non-nullable type. [d:\work\CommUnityApp (2)\CommUnityApp\CommUnityApp\Infrastructure\CommUnityApp.Infrastructure.csproj]
d:\work\CommUnityApp (2)\CommUnityApp\CommUnityApp\Infrastructure\Services\EmailService.cs(31,32): warning CS8600: Converting null literal or possible null value to non-nullable type. [d:\work\CommUnityApp (2)\CommUnityApp\CommUnityApp\Infrastructure\CommUnityApp.Infrastructure.csproj]
d:\work\CommUnityApp (2)\CommUnityApp\CommUnityApp\Infrastructure\Services\EmailService.cs(41,40): warning CS8604: Possible null reference argument for parameter 'address' in 'MailAddress.MailAddress(string address, string? displayName)'. [d:\work\CommUnityApp (2)\CommUnityApp\CommUnityApp\Infrastructure\CommUnityApp.Infrastructure.csproj]
d:\work\CommUnityApp (2)\CommUnityApp\CommUnityApp\Infrastructure\Services\EmailService.cs(50,13): warning CS8602: Dereference of a possibly null reference. [d:\work\CommUnityApp (2)\CommUnityApp\CommUnityApp\Infrastructure\CommUnityApp.Infrastructure.csproj]
d:\work\CommUnityApp (2)\CommUnityApp\CommUnityApp\Infrastructure\Repositories\BrandGameRepository.cs(28,20): warning CS8603: Possible null reference return. [d:\work\CommUnityApp (2)\CommUnityApp\CommUnityApp\Infrastructure\CommUnityApp.Infrastructure.csproj]
d:\work\CommUnityApp (2)\CommUnityApp\CommUnityApp\Infrastructure\Repositories\EventRepository.cs(38,20): warning CS8603: Possible null reference return. [d:\work\CommUnityApp (2)\CommUnityApp\CommUnityApp\Infrastructure\CommUnityApp.Infrastructure.csproj]
d:\work\CommUnityApp (2)\CommUnityApp\CommUnityApp\Infrastructure\Repositories\BusinessRepository.cs(25,20): warning CS8603: Possible null reference return. [d:\work\CommUnityApp (2)\CommUnityApp\CommUnityApp\Infrastructure\CommUnityApp.Infrastructure.csproj]
d:\work\CommUnityApp (2)\CommUnityApp\CommUnityApp\Infrastructure\Repositories\BrandGameRepository.cs(93,20): warning CS8603: Possible null reference return. [d:\work\CommUnityApp (2)\CommUnityApp\CommUnityApp\Infrastructure\CommUnityApp.Infrastructure.csproj]
d:\work\CommUnityApp (2)\CommUnityApp\CommUnityApp\Infrastructure\Repositories\BusinessRepository.cs(39,20): warning CS8603: Possible null reference return. [d:\work\CommUnityApp (2)\CommUnityApp\CommUnityApp\Infrastructure\CommUnityApp.Infrastructure.csproj]
d:\work\CommUnityApp (2)\CommUnityApp\CommUnityApp\Infrastructure\Repositories\EventRepository.cs(136,24): warning CS8603: Possible null reference return. [d:\work\CommUnityApp (2)\CommUnityApp\CommUnityApp\Infrastructure\CommUnityApp.Infrastructure.csproj]
d:\work\CommUnityApp (2)\CommUnityApp\CommUnityApp\Infrastructure\Repositories\EventRepository.cs(186,20): warning CS8603: Possible null reference return. [d:\work\CommUnityApp (2)\CommUnityApp\CommUnityApp\Infrastructure\CommUnityApp.Infrastructure.csproj]
d:\work\CommUnityApp (2)\CommUnityApp\CommUnityApp\CommUnityApp\Views\_ViewImports.cshtml(2,8): warning CS0105: The using directive for 'CommUnityApp' appeared previously in this namespace [d:\work\CommUnityApp (2)\CommUnityApp\CommUnityApp\CommUnityApp\CommUnityApp.csproj]
d:\work\CommUnityApp (2)\CommUnityApp\CommUnityApp\CommUnityApp\Services\EventController.cs(22,16): warning CS8618: Non-nullable field '_configuration' must contain a non-null value when exiting constructor. Consider adding the 'required' modifier or declaring the field as nullable. [d:\work\CommUnityApp (2)\CommUnityApp\CommUnityApp\CommUnityApp\CommUnityApp.csproj]
d:\work\CommUnityApp (2)\CommUnityApp\CommUnityApp\CommUnityApp\Services\EventController.cs(35,36): warning CS8600: Converting null literal or possible null value to non-nullable type. [d:\work\CommUnityApp (2)\CommUnityApp\CommUnityApp\CommUnityApp\CommUnityApp.csproj]
d:\work\CommUnityApp (2)\CommUnityApp\CommUnityApp\CommUnityApp\Services\EventController.cs(56,49): warning CS8604: Possible null reference argument for parameter 'imagePath' in 'Task<BaseResponse> IEventRepository.AddUpdateEventAsync(AddUpdateEventRequest model, string imagePath)'. [d:\work\CommUnityApp (2)\CommUnityApp\CommUnityApp\CommUnityApp\CommUnityApp.csproj]
d:\work\CommUnityApp (2)\CommUnityApp\CommUnityApp\CommUnityApp\Services\EventController.cs(17,41): warning CS0169: The field 'EventController._configuration' is never used [d:\work\CommUnityApp (2)\CommUnityApp\CommUnityApp\CommUnityApp\CommUnityApp.csproj]
d:\work\CommUnityApp (2)\CommUnityApp\CommUnityApp\CommUnityApp\Services\EventController.cs(116,36): warning CA1416: This call site is reachable on all platforms. 'QRCode.GetGraphic(int)' is only supported on: 'windows'. (https://learn.microsoft.com/dotnet/fundamentals/code-analysis/quality-rules/ca1416) [d:\work\CommUnityApp (2)\CommUnityApp\CommUnityApp\CommUnityApp\CommUnityApp.csproj]
d:\work\CommUnityApp (2)\CommUnityApp\CommUnityApp\CommUnityApp\Services\EventController.cs(118,39): warning CA1416: This call site is reachable on all platforms. 'ImageFormat.Png' is only supported on: 'windows' 6.1 and later. (https://learn.microsoft.com/dotnet/fundamentals/code-analysis/quality-rules/ca1416) [d:\work\CommUnityApp (2)\CommUnityApp\CommUnityApp\CommUnityApp\CommUnityApp.csproj]
d:\work\CommUnityApp (2)\CommUnityApp\CommUnityApp\CommUnityApp\Services\EventController.cs(114,29): warning CA1416: This call site is reachable on all platforms. 'QRCode' is only supported on: 'windows'. (https://learn.microsoft.com/dotnet/fundamentals/code-analysis/quality-rules/ca1416) [d:\work\CommUnityApp (2)\CommUnityApp\CommUnityApp\CommUnityApp\CommUnityApp.csproj]
d:\work\CommUnityApp (2)\CommUnityApp\CommUnityApp\CommUnityApp\Services\EventController.cs(118,17): warning CA1416: This call site is reachable on all platforms. 'Image.Save(string, ImageFormat)' is only supported on: 'windows' 6.1 and later. (https://learn.microsoft.com/dotnet/fundamentals/code-analysis/quality-rules/ca1416) [d:\work\CommUnityApp (2)\CommUnityApp\CommUnityApp\CommUnityApp\CommUnityApp.csproj]
    102 Warning(s)
    0 Error(s)

Time Elapsed 00:00:15.00

Workload updates are available. Run `dotnet workload list` for more information.
