  Determining projects to restore...
  All projects are up-to-date for restore.
  CommUnityApp.Domain -> d:\work\CommUnityApp (2)\CommUnityApp\CommUnityApp\Domain\bin\Debug\net8.0\CommUnityApp.Domain.dll
  CommUnityApp.Application -> d:\work\CommUnityApp (2)\CommUnityApp\CommUnityApp\Application\bin\Debug\net8.0\CommUnityApp.ApplicationCore.dll
  CommUnityApp.Infrastructure -> d:\work\CommUnityApp (2)\CommUnityApp\CommUnityApp\Infrastructure\bin\Debug\net8.0\CommUnityApp.InfrastructureLayer.dll
C:\Program Files\dotnet\sdk\9.0.301\Microsoft.Common.CurrentVersion.targets(5094,5): warning MSB3026: Could not copy "d:\work\CommUnityApp (2)\CommUnityApp\CommUnityApp\Application\bin\Debug\net8.0\CommUnityApp.ApplicationCore.dll" to "bin\Debug\net8.0\CommUnityApp.ApplicationCore.dll". Beginning retry 1 in 1000ms. The process cannot access the file 'd:\work\CommUnityApp (2)\CommUnityApp\CommUnityApp\CommUnityApp\bin\Debug\net8.0\CommUnityApp.ApplicationCore.dll' because it is being used by another process. The file is locked by: "CommUnityApp (42408)" [d:\work\CommUnityApp (2)\CommUnityApp\CommUnityApp\CommUnityApp\CommUnityApp.csproj]
C:\Program Files\dotnet\sdk\9.0.301\Microsoft.Common.CurrentVersion.targets(5094,5): warning MSB3026: Could not copy "d:\work\CommUnityApp (2)\CommUnityApp\CommUnityApp\Domain\bin\Debug\net8.0\CommUnityApp.Domain.dll" to "bin\Debug\net8.0\CommUnityApp.Domain.dll". Beginning retry 1 in 1000ms. The process cannot access the file 'd:\work\CommUnityApp (2)\CommUnityApp\CommUnityApp\CommUnityApp\bin\Debug\net8.0\CommUnityApp.Domain.dll' because it is being used by another process. The file is locked by: "CommUnityApp (42408)" [d:\work\CommUnityApp (2)\CommUnityApp\CommUnityApp\CommUnityApp\CommUnityApp.csproj]
C:\Program Files\dotnet\sdk\9.0.301\Microsoft.Common.CurrentVersion.targets(5094,5): warning MSB3026: Could not copy "d:\work\CommUnityApp (2)\CommUnityApp\CommUnityApp\Infrastructure\bin\Debug\net8.0\CommUnityApp.InfrastructureLayer.dll" to "bin\Debug\net8.0\CommUnityApp.InfrastructureLayer.dll". Beginning retry 1 in 1000ms. The process cannot access the file 'd:\work\CommUnityApp (2)\CommUnityApp\CommUnityApp\CommUnityApp\bin\Debug\net8.0\CommUnityApp.InfrastructureLayer.dll' because it is being used by another process. The file is locked by: "Microsoft Visual Studio 2022 (29412), CommUnityApp (42408)" [d:\work\CommUnityApp (2)\CommUnityApp\CommUnityApp\CommUnityApp\CommUnityApp.csproj]
C:\Program Files\dotnet\sdk\9.0.301\Microsoft.Common.CurrentVersion.targets(5094,5): warning MSB3026: Could not copy "d:\work\CommUnityApp (2)\CommUnityApp\CommUnityApp\Application\bin\Debug\net8.0\CommUnityApp.ApplicationCore.dll" to "bin\Debug\net8.0\CommUnityApp.ApplicationCore.dll". Beginning retry 2 in 1000ms. The process cannot access the file 'd:\work\CommUnityApp (2)\CommUnityApp\CommUnityApp\CommUnityApp\bin\Debug\net8.0\CommUnityApp.ApplicationCore.dll' because it is being used by another process. The file is locked by: "CommUnityApp (42408)" [d:\work\CommUnityApp (2)\CommUnityApp\CommUnityApp\CommUnityApp\CommUnityApp.csproj]
C:\Program Files\dotnet\sdk\9.0.301\Microsoft.Common.CurrentVersion.targets(5094,5): warning MSB3026: Could not copy "d:\work\CommUnityApp (2)\CommUnityApp\CommUnityApp\Domain\bin\Debug\net8.0\CommUnityApp.Domain.dll" to "bin\Debug\net8.0\CommUnityApp.Domain.dll". Beginning retry 2 in 1000ms. The process cannot access the file 'd:\work\CommUnityApp (2)\CommUnityApp\CommUnityApp\CommUnityApp\bin\Debug\net8.0\CommUnityApp.Domain.dll' because it is being used by another process. The file is locked by: "CommUnityApp (42408)" [d:\work\CommUnityApp (2)\CommUnityApp\CommUnityApp\CommUnityApp\CommUnityApp.csproj]
C:\Program Files\dotnet\sdk\9.0.301\Microsoft.Common.CurrentVersion.targets(5094,5): warning MSB3026: Could not copy "d:\work\CommUnityApp (2)\CommUnityApp\CommUnityApp\Infrastructure\bin\Debug\net8.0\CommUnityApp.InfrastructureLayer.dll" to "bin\Debug\net8.0\CommUnityApp.InfrastructureLayer.dll". Beginning retry 2 in 1000ms. The process cannot access the file 'd:\work\CommUnityApp (2)\CommUnityApp\CommUnityApp\CommUnityApp\bin\Debug\net8.0\CommUnityApp.InfrastructureLayer.dll' because it is being used by another process. The file is locked by: "Microsoft Visual Studio 2022 (29412), CommUnityApp (42408)" [d:\work\CommUnityApp (2)\CommUnityApp\CommUnityApp\CommUnityApp\CommUnityApp.csproj]
C:\Program Files\dotnet\sdk\9.0.301\Microsoft.Common.CurrentVersion.targets(5094,5): warning MSB3026: Could not copy "d:\work\CommUnityApp (2)\CommUnityApp\CommUnityApp\Application\bin\Debug\net8.0\CommUnityApp.ApplicationCore.dll" to "bin\Debug\net8.0\CommUnityApp.ApplicationCore.dll". Beginning retry 3 in 1000ms. The process cannot access the file 'd:\work\CommUnityApp (2)\CommUnityApp\CommUnityApp\CommUnityApp\bin\Debug\net8.0\CommUnityApp.ApplicationCore.dll' because it is being used by another process. The file is locked by: "CommUnityApp (42408)" [d:\work\CommUnityApp (2)\CommUnityApp\CommUnityApp\CommUnityApp\CommUnityApp.csproj]
C:\Program Files\dotnet\sdk\9.0.301\Microsoft.Common.CurrentVersion.targets(5094,5): warning MSB3026: Could not copy "d:\work\CommUnityApp (2)\CommUnityApp\CommUnityApp\Domain\bin\Debug\net8.0\CommUnityApp.Domain.dll" to "bin\Debug\net8.0\CommUnityApp.Domain.dll". Beginning retry 3 in 1000ms. The process cannot access the file 'd:\work\CommUnityApp (2)\CommUnityApp\CommUnityApp\CommUnityApp\bin\Debug\net8.0\CommUnityApp.Domain.dll' because it is being used by another process. The file is locked by: "CommUnityApp (42408)" [d:\work\CommUnityApp (2)\CommUnityApp\CommUnityApp\CommUnityApp\CommUnityApp.csproj]
C:\Program Files\dotnet\sdk\9.0.301\Microsoft.Common.CurrentVersion.targets(5094,5): warning MSB3026: Could not copy "d:\work\CommUnityApp (2)\CommUnityApp\CommUnityApp\Infrastructure\bin\Debug\net8.0\CommUnityApp.InfrastructureLayer.dll" to "bin\Debug\net8.0\CommUnityApp.InfrastructureLayer.dll". Beginning retry 3 in 1000ms. The process cannot access the file 'd:\work\CommUnityApp (2)\CommUnityApp\CommUnityApp\CommUnityApp\bin\Debug\net8.0\CommUnityApp.InfrastructureLayer.dll' because it is being used by another process. The file is locked by: "Microsoft Visual Studio 2022 (29412), CommUnityApp (42408)" [d:\work\CommUnityApp (2)\CommUnityApp\CommUnityApp\CommUnityApp\CommUnityApp.csproj]
C:\Program Files\dotnet\sdk\9.0.301\Microsoft.Common.CurrentVersion.targets(5094,5): warning MSB3026: Could not copy "d:\work\CommUnityApp (2)\CommUnityApp\CommUnityApp\Application\bin\Debug\net8.0\CommUnityApp.ApplicationCore.dll" to "bin\Debug\net8.0\CommUnityApp.ApplicationCore.dll". Beginning retry 4 in 1000ms. The process cannot access the file 'd:\work\CommUnityApp (2)\CommUnityApp\CommUnityApp\CommUnityApp\bin\Debug\net8.0\CommUnityApp.ApplicationCore.dll' because it is being used by another process. The file is locked by: "CommUnityApp (42408)" [d:\work\CommUnityApp (2)\CommUnityApp\CommUnityApp\CommUnityApp\CommUnityApp.csproj]
C:\Program Files\dotnet\sdk\9.0.301\Microsoft.Common.CurrentVersion.targets(5094,5): warning MSB3026: Could not copy "d:\work\CommUnityApp (2)\CommUnityApp\CommUnityApp\Domain\bin\Debug\net8.0\CommUnityApp.Domain.dll" to "bin\Debug\net8.0\CommUnityApp.Domain.dll". Beginning retry 4 in 1000ms. The process cannot access the file 'd:\work\CommUnityApp (2)\CommUnityApp\CommUnityApp\CommUnityApp\bin\Debug\net8.0\CommUnityApp.Domain.dll' because it is being used by another process. The file is locked by: "CommUnityApp (42408)" [d:\work\CommUnityApp (2)\CommUnityApp\CommUnityApp\CommUnityApp\CommUnityApp.csproj]
C:\Program Files\dotnet\sdk\9.0.301\Microsoft.Common.CurrentVersion.targets(5094,5): warning MSB3026: Could not copy "d:\work\CommUnityApp (2)\CommUnityApp\CommUnityApp\Infrastructure\bin\Debug\net8.0\CommUnityApp.InfrastructureLayer.dll" to "bin\Debug\net8.0\CommUnityApp.InfrastructureLayer.dll". Beginning retry 4 in 1000ms. The process cannot access the file 'd:\work\CommUnityApp (2)\CommUnityApp\CommUnityApp\CommUnityApp\bin\Debug\net8.0\CommUnityApp.InfrastructureLayer.dll' because it is being used by another process. The file is locked by: "Microsoft Visual Studio 2022 (29412), CommUnityApp (42408)" [d:\work\CommUnityApp (2)\CommUnityApp\CommUnityApp\CommUnityApp\CommUnityApp.csproj]
C:\Program Files\dotnet\sdk\9.0.301\Microsoft.Common.CurrentVersion.targets(5094,5): warning MSB3026: Could not copy "d:\work\CommUnityApp (2)\CommUnityApp\CommUnityApp\Application\bin\Debug\net8.0\CommUnityApp.ApplicationCore.dll" to "bin\Debug\net8.0\CommUnityApp.ApplicationCore.dll". Beginning retry 5 in 1000ms. The process cannot access the file 'd:\work\CommUnityApp (2)\CommUnityApp\CommUnityApp\CommUnityApp\bin\Debug\net8.0\CommUnityApp.ApplicationCore.dll' because it is being used by another process. The file is locked by: "CommUnityApp (42408)" [d:\work\CommUnityApp (2)\CommUnityApp\CommUnityApp\CommUnityApp\CommUnityApp.csproj]
C:\Program Files\dotnet\sdk\9.0.301\Microsoft.Common.CurrentVersion.targets(5094,5): warning MSB3026: Could not copy "d:\work\CommUnityApp (2)\CommUnityApp\CommUnityApp\Domain\bin\Debug\net8.0\CommUnityApp.Domain.dll" to "bin\Debug\net8.0\CommUnityApp.Domain.dll". Beginning retry 5 in 1000ms. The process cannot access the file 'd:\work\CommUnityApp (2)\CommUnityApp\CommUnityApp\CommUnityApp\bin\Debug\net8.0\CommUnityApp.Domain.dll' because it is being used by another process. The file is locked by: "CommUnityApp (42408)" [d:\work\CommUnityApp (2)\CommUnityApp\CommUnityApp\CommUnityApp\CommUnityApp.csproj]
C:\Program Files\dotnet\sdk\9.0.301\Microsoft.Common.CurrentVersion.targets(5094,5): warning MSB3026: Could not copy "d:\work\CommUnityApp (2)\CommUnityApp\CommUnityApp\Infrastructure\bin\Debug\net8.0\CommUnityApp.InfrastructureLayer.dll" to "bin\Debug\net8.0\CommUnityApp.InfrastructureLayer.dll". Beginning retry 5 in 1000ms. The process cannot access the file 'd:\work\CommUnityApp (2)\CommUnityApp\CommUnityApp\CommUnityApp\bin\Debug\net8.0\CommUnityApp.InfrastructureLayer.dll' because it is being used by another process. The file is locked by: "Microsoft Visual Studio 2022 (29412), CommUnityApp (42408)" [d:\work\CommUnityApp (2)\CommUnityApp\CommUnityApp\CommUnityApp\CommUnityApp.csproj]
C:\Program Files\dotnet\sdk\9.0.301\Microsoft.Common.CurrentVersion.targets(5094,5): warning MSB3026: Could not copy "d:\work\CommUnityApp (2)\CommUnityApp\CommUnityApp\Application\bin\Debug\net8.0\CommUnityApp.ApplicationCore.dll" to "bin\Debug\net8.0\CommUnityApp.ApplicationCore.dll". Beginning retry 6 in 1000ms. The process cannot access the file 'd:\work\CommUnityApp (2)\CommUnityApp\CommUnityApp\CommUnityApp\bin\Debug\net8.0\CommUnityApp.ApplicationCore.dll' because it is being used by another process. The file is locked by: "CommUnityApp (42408)" [d:\work\CommUnityApp (2)\CommUnityApp\CommUnityApp\CommUnityApp\CommUnityApp.csproj]
C:\Program Files\dotnet\sdk\9.0.301\Microsoft.Common.CurrentVersion.targets(5094,5): warning MSB3026: Could not copy "d:\work\CommUnityApp (2)\CommUnityApp\CommUnityApp\Domain\bin\Debug\net8.0\CommUnityApp.Domain.dll" to "bin\Debug\net8.0\CommUnityApp.Domain.dll". Beginning retry 6 in 1000ms. The process cannot access the file 'd:\work\CommUnityApp (2)\CommUnityApp\CommUnityApp\CommUnityApp\bin\Debug\net8.0\CommUnityApp.Domain.dll' because it is being used by another process. The file is locked by: "CommUnityApp (42408)" [d:\work\CommUnityApp (2)\CommUnityApp\CommUnityApp\CommUnityApp\CommUnityApp.csproj]
C:\Program Files\dotnet\sdk\9.0.301\Microsoft.Common.CurrentVersion.targets(5094,5): warning MSB3026: Could not copy "d:\work\CommUnityApp (2)\CommUnityApp\CommUnityApp\Infrastructure\bin\Debug\net8.0\CommUnityApp.InfrastructureLayer.dll" to "bin\Debug\net8.0\CommUnityApp.InfrastructureLayer.dll". Beginning retry 6 in 1000ms. The process cannot access the file 'd:\work\CommUnityApp (2)\CommUnityApp\CommUnityApp\CommUnityApp\bin\Debug\net8.0\CommUnityApp.InfrastructureLayer.dll' because it is being used by another process. The file is locked by: "Microsoft Visual Studio 2022 (29412), CommUnityApp (42408)" [d:\work\CommUnityApp (2)\CommUnityApp\CommUnityApp\CommUnityApp\CommUnityApp.csproj]
C:\Program Files\dotnet\sdk\9.0.301\Microsoft.Common.CurrentVersion.targets(5094,5): warning MSB3026: Could not copy "d:\work\CommUnityApp (2)\CommUnityApp\CommUnityApp\Application\bin\Debug\net8.0\CommUnityApp.ApplicationCore.dll" to "bin\Debug\net8.0\CommUnityApp.ApplicationCore.dll". Beginning retry 7 in 1000ms. The process cannot access the file 'd:\work\CommUnityApp (2)\CommUnityApp\CommUnityApp\CommUnityApp\bin\Debug\net8.0\CommUnityApp.ApplicationCore.dll' because it is being used by another process. The file is locked by: "CommUnityApp (42408)" [d:\work\CommUnityApp (2)\CommUnityApp\CommUnityApp\CommUnityApp\CommUnityApp.csproj]
C:\Program Files\dotnet\sdk\9.0.301\Microsoft.Common.CurrentVersion.targets(5094,5): warning MSB3026: Could not copy "d:\work\CommUnityApp (2)\CommUnityApp\CommUnityApp\Domain\bin\Debug\net8.0\CommUnityApp.Domain.dll" to "bin\Debug\net8.0\CommUnityApp.Domain.dll". Beginning retry 7 in 1000ms. The process cannot access the file 'd:\work\CommUnityApp (2)\CommUnityApp\CommUnityApp\CommUnityApp\bin\Debug\net8.0\CommUnityApp.Domain.dll' because it is being used by another process. The file is locked by: "CommUnityApp (42408)" [d:\work\CommUnityApp (2)\CommUnityApp\CommUnityApp\CommUnityApp\CommUnityApp.csproj]
C:\Program Files\dotnet\sdk\9.0.301\Microsoft.Common.CurrentVersion.targets(5094,5): warning MSB3026: Could not copy "d:\work\CommUnityApp (2)\CommUnityApp\CommUnityApp\Infrastructure\bin\Debug\net8.0\CommUnityApp.InfrastructureLayer.dll" to "bin\Debug\net8.0\CommUnityApp.InfrastructureLayer.dll". Beginning retry 7 in 1000ms. The process cannot access the file 'd:\work\CommUnityApp (2)\CommUnityApp\CommUnityApp\CommUnityApp\bin\Debug\net8.0\CommUnityApp.InfrastructureLayer.dll' because it is being used by another process. The file is locked by: "Microsoft Visual Studio 2022 (29412), CommUnityApp (42408)" [d:\work\CommUnityApp (2)\CommUnityApp\CommUnityApp\CommUnityApp\CommUnityApp.csproj]
C:\Program Files\dotnet\sdk\9.0.301\Microsoft.Common.CurrentVersion.targets(5094,5): warning MSB3026: Could not copy "d:\work\CommUnityApp (2)\CommUnityApp\CommUnityApp\Application\bin\Debug\net8.0\CommUnityApp.ApplicationCore.dll" to "bin\Debug\net8.0\CommUnityApp.ApplicationCore.dll". Beginning retry 8 in 1000ms. The process cannot access the file 'd:\work\CommUnityApp (2)\CommUnityApp\CommUnityApp\CommUnityApp\bin\Debug\net8.0\CommUnityApp.ApplicationCore.dll' because it is being used by another process. The file is locked by: "CommUnityApp (42408)" [d:\work\CommUnityApp (2)\CommUnityApp\CommUnityApp\CommUnityApp\CommUnityApp.csproj]
C:\Program Files\dotnet\sdk\9.0.301\Microsoft.Common.CurrentVersion.targets(5094,5): warning MSB3026: Could not copy "d:\work\CommUnityApp (2)\CommUnityApp\CommUnityApp\Domain\bin\Debug\net8.0\CommUnityApp.Domain.dll" to "bin\Debug\net8.0\CommUnityApp.Domain.dll". Beginning retry 8 in 1000ms. The process cannot access the file 'd:\work\CommUnityApp (2)\CommUnityApp\CommUnityApp\CommUnityApp\bin\Debug\net8.0\CommUnityApp.Domain.dll' because it is being used by another process. The file is locked by: "CommUnityApp (42408)" [d:\work\CommUnityApp (2)\CommUnityApp\CommUnityApp\CommUnityApp\CommUnityApp.csproj]
C:\Program Files\dotnet\sdk\9.0.301\Microsoft.Common.CurrentVersion.targets(5094,5): warning MSB3026: Could not copy "d:\work\CommUnityApp (2)\CommUnityApp\CommUnityApp\Infrastructure\bin\Debug\net8.0\CommUnityApp.InfrastructureLayer.dll" to "bin\Debug\net8.0\CommUnityApp.InfrastructureLayer.dll". Beginning retry 8 in 1000ms. The process cannot access the file 'd:\work\CommUnityApp (2)\CommUnityApp\CommUnityApp\CommUnityApp\bin\Debug\net8.0\CommUnityApp.InfrastructureLayer.dll' because it is being used by another process. The file is locked by: "Microsoft Visual Studio 2022 (29412), CommUnityApp (42408)" [d:\work\CommUnityApp (2)\CommUnityApp\CommUnityApp\CommUnityApp\CommUnityApp.csproj]
C:\Program Files\dotnet\sdk\9.0.301\Microsoft.Common.CurrentVersion.targets(5094,5): warning MSB3026: Could not copy "d:\work\CommUnityApp (2)\CommUnityApp\CommUnityApp\Domain\bin\Debug\net8.0\CommUnityApp.Domain.dll" to "bin\Debug\net8.0\CommUnityApp.Domain.dll". Beginning retry 9 in 1000ms. The process cannot access the file 'd:\work\CommUnityApp (2)\CommUnityApp\CommUnityApp\CommUnityApp\bin\Debug\net8.0\CommUnityApp.Domain.dll' because it is being used by another process. The file is locked by: "CommUnityApp (42408)" [d:\work\CommUnityApp (2)\CommUnityApp\CommUnityApp\CommUnityApp\CommUnityApp.csproj]
C:\Program Files\dotnet\sdk\9.0.301\Microsoft.Common.CurrentVersion.targets(5094,5): warning MSB3026: Could not copy "d:\work\CommUnityApp (2)\CommUnityApp\CommUnityApp\Application\bin\Debug\net8.0\CommUnityApp.ApplicationCore.dll" to "bin\Debug\net8.0\CommUnityApp.ApplicationCore.dll". Beginning retry 9 in 1000ms. The process cannot access the file 'd:\work\CommUnityApp (2)\CommUnityApp\CommUnityApp\CommUnityApp\bin\Debug\net8.0\CommUnityApp.ApplicationCore.dll' because it is being used by another process. The file is locked by: "CommUnityApp (42408)" [d:\work\CommUnityApp (2)\CommUnityApp\CommUnityApp\CommUnityApp\CommUnityApp.csproj]
C:\Program Files\dotnet\sdk\9.0.301\Microsoft.Common.CurrentVersion.targets(5094,5): warning MSB3026: Could not copy "d:\work\CommUnityApp (2)\CommUnityApp\CommUnityApp\Infrastructure\bin\Debug\net8.0\CommUnityApp.InfrastructureLayer.dll" to "bin\Debug\net8.0\CommUnityApp.InfrastructureLayer.dll". Beginning retry 9 in 1000ms. The process cannot access the file 'd:\work\CommUnityApp (2)\CommUnityApp\CommUnityApp\CommUnityApp\bin\Debug\net8.0\CommUnityApp.InfrastructureLayer.dll' because it is being used by another process. The file is locked by: "Microsoft Visual Studio 2022 (29412), CommUnityApp (42408)" [d:\work\CommUnityApp (2)\CommUnityApp\CommUnityApp\CommUnityApp\CommUnityApp.csproj]
C:\Program Files\dotnet\sdk\9.0.301\Microsoft.Common.CurrentVersion.targets(5094,5): warning MSB3026: Could not copy "d:\work\CommUnityApp (2)\CommUnityApp\CommUnityApp\Domain\bin\Debug\net8.0\CommUnityApp.Domain.dll" to "bin\Debug\net8.0\CommUnityApp.Domain.dll". Beginning retry 10 in 1000ms. The process cannot access the file 'd:\work\CommUnityApp (2)\CommUnityApp\CommUnityApp\CommUnityApp\bin\Debug\net8.0\CommUnityApp.Domain.dll' because it is being used by another process. The file is locked by: "CommUnityApp (42408)" [d:\work\CommUnityApp (2)\CommUnityApp\CommUnityApp\CommUnityApp\CommUnityApp.csproj]
C:\Program Files\dotnet\sdk\9.0.301\Microsoft.Common.CurrentVersion.targets(5094,5): warning MSB3026: Could not copy "d:\work\CommUnityApp (2)\CommUnityApp\CommUnityApp\Application\bin\Debug\net8.0\CommUnityApp.ApplicationCore.dll" to "bin\Debug\net8.0\CommUnityApp.ApplicationCore.dll". Beginning retry 10 in 1000ms. The process cannot access the file 'd:\work\CommUnityApp (2)\CommUnityApp\CommUnityApp\CommUnityApp\bin\Debug\net8.0\CommUnityApp.ApplicationCore.dll' because it is being used by another process. The file is locked by: "CommUnityApp (42408)" [d:\work\CommUnityApp (2)\CommUnityApp\CommUnityApp\CommUnityApp\CommUnityApp.csproj]
C:\Program Files\dotnet\sdk\9.0.301\Microsoft.Common.CurrentVersion.targets(5094,5): warning MSB3026: Could not copy "d:\work\CommUnityApp (2)\CommUnityApp\CommUnityApp\Infrastructure\bin\Debug\net8.0\CommUnityApp.InfrastructureLayer.dll" to "bin\Debug\net8.0\CommUnityApp.InfrastructureLayer.dll". Beginning retry 10 in 1000ms. The process cannot access the file 'd:\work\CommUnityApp (2)\CommUnityApp\CommUnityApp\CommUnityApp\bin\Debug\net8.0\CommUnityApp.InfrastructureLayer.dll' because it is being used by another process. The file is locked by: "Microsoft Visual Studio 2022 (29412), CommUnityApp (42408)" [d:\work\CommUnityApp (2)\CommUnityApp\CommUnityApp\CommUnityApp\CommUnityApp.csproj]
C:\Program Files\dotnet\sdk\9.0.301\Microsoft.Common.CurrentVersion.targets(5094,5): error MSB3027: Could not copy "d:\work\CommUnityApp (2)\CommUnityApp\CommUnityApp\Application\bin\Debug\net8.0\CommUnityApp.ApplicationCore.dll" to "bin\Debug\net8.0\CommUnityApp.ApplicationCore.dll". Exceeded retry count of 10. Failed. The file is locked by: "CommUnityApp (42408)" [d:\work\CommUnityApp (2)\CommUnityApp\CommUnityApp\CommUnityApp\CommUnityApp.csproj]
C:\Program Files\dotnet\sdk\9.0.301\Microsoft.Common.CurrentVersion.targets(5094,5): error MSB3021: Unable to copy file "d:\work\CommUnityApp (2)\CommUnityApp\CommUnityApp\Application\bin\Debug\net8.0\CommUnityApp.ApplicationCore.dll" to "bin\Debug\net8.0\CommUnityApp.ApplicationCore.dll". The process cannot access the file 'd:\work\CommUnityApp (2)\CommUnityApp\CommUnityApp\CommUnityApp\bin\Debug\net8.0\CommUnityApp.ApplicationCore.dll' because it is being used by another process. [d:\work\CommUnityApp (2)\CommUnityApp\CommUnityApp\CommUnityApp\CommUnityApp.csproj]
C:\Program Files\dotnet\sdk\9.0.301\Microsoft.Common.CurrentVersion.targets(5094,5): error MSB3027: Could not copy "d:\work\CommUnityApp (2)\CommUnityApp\CommUnityApp\Domain\bin\Debug\net8.0\CommUnityApp.Domain.dll" to "bin\Debug\net8.0\CommUnityApp.Domain.dll". Exceeded retry count of 10. Failed. The file is locked by: "CommUnityApp (42408)" [d:\work\CommUnityApp (2)\CommUnityApp\CommUnityApp\CommUnityApp\CommUnityApp.csproj]
C:\Program Files\dotnet\sdk\9.0.301\Microsoft.Common.CurrentVersion.targets(5094,5): error MSB3021: Unable to copy file "d:\work\CommUnityApp (2)\CommUnityApp\CommUnityApp\Domain\bin\Debug\net8.0\CommUnityApp.Domain.dll" to "bin\Debug\net8.0\CommUnityApp.Domain.dll". The process cannot access the file 'd:\work\CommUnityApp (2)\CommUnityApp\CommUnityApp\CommUnityApp\bin\Debug\net8.0\CommUnityApp.Domain.dll' because it is being used by another process. [d:\work\CommUnityApp (2)\CommUnityApp\CommUnityApp\CommUnityApp\CommUnityApp.csproj]
C:\Program Files\dotnet\sdk\9.0.301\Microsoft.Common.CurrentVersion.targets(5094,5): error MSB3027: Could not copy "d:\work\CommUnityApp (2)\CommUnityApp\CommUnityApp\Infrastructure\bin\Debug\net8.0\CommUnityApp.InfrastructureLayer.dll" to "bin\Debug\net8.0\CommUnityApp.InfrastructureLayer.dll". Exceeded retry count of 10. Failed. The file is locked by: "Microsoft Visual Studio 2022 (29412), CommUnityApp (42408)" [d:\work\CommUnityApp (2)\CommUnityApp\CommUnityApp\CommUnityApp\CommUnityApp.csproj]
C:\Program Files\dotnet\sdk\9.0.301\Microsoft.Common.CurrentVersion.targets(5094,5): error MSB3021: Unable to copy file "d:\work\CommUnityApp (2)\CommUnityApp\CommUnityApp\Infrastructure\bin\Debug\net8.0\CommUnityApp.InfrastructureLayer.dll" to "bin\Debug\net8.0\CommUnityApp.InfrastructureLayer.dll". The process cannot access the file 'd:\work\CommUnityApp (2)\CommUnityApp\CommUnityApp\CommUnityApp\bin\Debug\net8.0\CommUnityApp.InfrastructureLayer.dll' because it is being used by another process. [d:\work\CommUnityApp (2)\CommUnityApp\CommUnityApp\CommUnityApp\CommUnityApp.csproj]

Build FAILED.

C:\Program Files\dotnet\sdk\9.0.301\Microsoft.Common.CurrentVersion.targets(5094,5): warning MSB3026: Could not copy "d:\work\CommUnityApp (2)\CommUnityApp\CommUnityApp\Application\bin\Debug\net8.0\CommUnityApp.ApplicationCore.dll" to "bin\Debug\net8.0\CommUnityApp.ApplicationCore.dll". Beginning retry 1 in 1000ms. The process cannot access the file 'd:\work\CommUnityApp (2)\CommUnityApp\CommUnityApp\CommUnityApp\bin\Debug\net8.0\CommUnityApp.ApplicationCore.dll' because it is being used by another process. The file is locked by: "CommUnityApp (42408)" [d:\work\CommUnityApp (2)\CommUnityApp\CommUnityApp\CommUnityApp\CommUnityApp.csproj]
C:\Program Files\dotnet\sdk\9.0.301\Microsoft.Common.CurrentVersion.targets(5094,5): warning MSB3026: Could not copy "d:\work\CommUnityApp (2)\CommUnityApp\CommUnityApp\Domain\bin\Debug\net8.0\CommUnityApp.Domain.dll" to "bin\Debug\net8.0\CommUnityApp.Domain.dll". Beginning retry 1 in 1000ms. The process cannot access the file 'd:\work\CommUnityApp (2)\CommUnityApp\CommUnityApp\CommUnityApp\bin\Debug\net8.0\CommUnityApp.Domain.dll' because it is being used by another process. The file is locked by: "CommUnityApp (42408)" [d:\work\CommUnityApp (2)\CommUnityApp\CommUnityApp\CommUnityApp\CommUnityApp.csproj]
C:\Program Files\dotnet\sdk\9.0.301\Microsoft.Common.CurrentVersion.targets(5094,5): warning MSB3026: Could not copy "d:\work\CommUnityApp (2)\CommUnityApp\CommUnityApp\Infrastructure\bin\Debug\net8.0\CommUnityApp.InfrastructureLayer.dll" to "bin\Debug\net8.0\CommUnityApp.InfrastructureLayer.dll". Beginning retry 1 in 1000ms. The process cannot access the file 'd:\work\CommUnityApp (2)\CommUnityApp\CommUnityApp\CommUnityApp\bin\Debug\net8.0\CommUnityApp.InfrastructureLayer.dll' because it is being used by another process. The file is locked by: "Microsoft Visual Studio 2022 (29412), CommUnityApp (42408)" [d:\work\CommUnityApp (2)\CommUnityApp\CommUnityApp\CommUnityApp\CommUnityApp.csproj]
C:\Program Files\dotnet\sdk\9.0.301\Microsoft.Common.CurrentVersion.targets(5094,5): warning MSB3026: Could not copy "d:\work\CommUnityApp (2)\CommUnityApp\CommUnityApp\Application\bin\Debug\net8.0\CommUnityApp.ApplicationCore.dll" to "bin\Debug\net8.0\CommUnityApp.ApplicationCore.dll". Beginning retry 2 in 1000ms. The process cannot access the file 'd:\work\CommUnityApp (2)\CommUnityApp\CommUnityApp\CommUnityApp\bin\Debug\net8.0\CommUnityApp.ApplicationCore.dll' because it is being used by another process. The file is locked by: "CommUnityApp (42408)" [d:\work\CommUnityApp (2)\CommUnityApp\CommUnityApp\CommUnityApp\CommUnityApp.csproj]
C:\Program Files\dotnet\sdk\9.0.301\Microsoft.Common.CurrentVersion.targets(5094,5): warning MSB3026: Could not copy "d:\work\CommUnityApp (2)\CommUnityApp\CommUnityApp\Domain\bin\Debug\net8.0\CommUnityApp.Domain.dll" to "bin\Debug\net8.0\CommUnityApp.Domain.dll". Beginning retry 2 in 1000ms. The process cannot access the file 'd:\work\CommUnityApp (2)\CommUnityApp\CommUnityApp\CommUnityApp\bin\Debug\net8.0\CommUnityApp.Domain.dll' because it is being used by another process. The file is locked by: "CommUnityApp (42408)" [d:\work\CommUnityApp (2)\CommUnityApp\CommUnityApp\CommUnityApp\CommUnityApp.csproj]
C:\Program Files\dotnet\sdk\9.0.301\Microsoft.Common.CurrentVersion.targets(5094,5): warning MSB3026: Could not copy "d:\work\CommUnityApp (2)\CommUnityApp\CommUnityApp\Infrastructure\bin\Debug\net8.0\CommUnityApp.InfrastructureLayer.dll" to "bin\Debug\net8.0\CommUnityApp.InfrastructureLayer.dll". Beginning retry 2 in 1000ms. The process cannot access the file 'd:\work\CommUnityApp (2)\CommUnityApp\CommUnityApp\CommUnityApp\bin\Debug\net8.0\CommUnityApp.InfrastructureLayer.dll' because it is being used by another process. The file is locked by: "Microsoft Visual Studio 2022 (29412), CommUnityApp (42408)" [d:\work\CommUnityApp (2)\CommUnityApp\CommUnityApp\CommUnityApp\CommUnityApp.csproj]
C:\Program Files\dotnet\sdk\9.0.301\Microsoft.Common.CurrentVersion.targets(5094,5): warning MSB3026: Could not copy "d:\work\CommUnityApp (2)\CommUnityApp\CommUnityApp\Application\bin\Debug\net8.0\CommUnityApp.ApplicationCore.dll" to "bin\Debug\net8.0\CommUnityApp.ApplicationCore.dll". Beginning retry 3 in 1000ms. The process cannot access the file 'd:\work\CommUnityApp (2)\CommUnityApp\CommUnityApp\CommUnityApp\bin\Debug\net8.0\CommUnityApp.ApplicationCore.dll' because it is being used by another process. The file is locked by: "CommUnityApp (42408)" [d:\work\CommUnityApp (2)\CommUnityApp\CommUnityApp\CommUnityApp\CommUnityApp.csproj]
C:\Program Files\dotnet\sdk\9.0.301\Microsoft.Common.CurrentVersion.targets(5094,5): warning MSB3026: Could not copy "d:\work\CommUnityApp (2)\CommUnityApp\CommUnityApp\Domain\bin\Debug\net8.0\CommUnityApp.Domain.dll" to "bin\Debug\net8.0\CommUnityApp.Domain.dll". Beginning retry 3 in 1000ms. The process cannot access the file 'd:\work\CommUnityApp (2)\CommUnityApp\CommUnityApp\CommUnityApp\bin\Debug\net8.0\CommUnityApp.Domain.dll' because it is being used by another process. The file is locked by: "CommUnityApp (42408)" [d:\work\CommUnityApp (2)\CommUnityApp\CommUnityApp\CommUnityApp\CommUnityApp.csproj]
C:\Program Files\dotnet\sdk\9.0.301\Microsoft.Common.CurrentVersion.targets(5094,5): warning MSB3026: Could not copy "d:\work\CommUnityApp (2)\CommUnityApp\CommUnityApp\Infrastructure\bin\Debug\net8.0\CommUnityApp.InfrastructureLayer.dll" to "bin\Debug\net8.0\CommUnityApp.InfrastructureLayer.dll". Beginning retry 3 in 1000ms. The process cannot access the file 'd:\work\CommUnityApp (2)\CommUnityApp\CommUnityApp\CommUnityApp\bin\Debug\net8.0\CommUnityApp.InfrastructureLayer.dll' because it is being used by another process. The file is locked by: "Microsoft Visual Studio 2022 (29412), CommUnityApp (42408)" [d:\work\CommUnityApp (2)\CommUnityApp\CommUnityApp\CommUnityApp\CommUnityApp.csproj]
C:\Program Files\dotnet\sdk\9.0.301\Microsoft.Common.CurrentVersion.targets(5094,5): warning MSB3026: Could not copy "d:\work\CommUnityApp (2)\CommUnityApp\CommUnityApp\Application\bin\Debug\net8.0\CommUnityApp.ApplicationCore.dll" to "bin\Debug\net8.0\CommUnityApp.ApplicationCore.dll". Beginning retry 4 in 1000ms. The process cannot access the file 'd:\work\CommUnityApp (2)\CommUnityApp\CommUnityApp\CommUnityApp\bin\Debug\net8.0\CommUnityApp.ApplicationCore.dll' because it is being used by another process. The file is locked by: "CommUnityApp (42408)" [d:\work\CommUnityApp (2)\CommUnityApp\CommUnityApp\CommUnityApp\CommUnityApp.csproj]
C:\Program Files\dotnet\sdk\9.0.301\Microsoft.Common.CurrentVersion.targets(5094,5): warning MSB3026: Could not copy "d:\work\CommUnityApp (2)\CommUnityApp\CommUnityApp\Domain\bin\Debug\net8.0\CommUnityApp.Domain.dll" to "bin\Debug\net8.0\CommUnityApp.Domain.dll". Beginning retry 4 in 1000ms. The process cannot access the file 'd:\work\CommUnityApp (2)\CommUnityApp\CommUnityApp\CommUnityApp\bin\Debug\net8.0\CommUnityApp.Domain.dll' because it is being used by another process. The file is locked by: "CommUnityApp (42408)" [d:\work\CommUnityApp (2)\CommUnityApp\CommUnityApp\CommUnityApp\CommUnityApp.csproj]
C:\Program Files\dotnet\sdk\9.0.301\Microsoft.Common.CurrentVersion.targets(5094,5): warning MSB3026: Could not copy "d:\work\CommUnityApp (2)\CommUnityApp\CommUnityApp\Infrastructure\bin\Debug\net8.0\CommUnityApp.InfrastructureLayer.dll" to "bin\Debug\net8.0\CommUnityApp.InfrastructureLayer.dll". Beginning retry 4 in 1000ms. The process cannot access the file 'd:\work\CommUnityApp (2)\CommUnityApp\CommUnityApp\CommUnityApp\bin\Debug\net8.0\CommUnityApp.InfrastructureLayer.dll' because it is being used by another process. The file is locked by: "Microsoft Visual Studio 2022 (29412), CommUnityApp (42408)" [d:\work\CommUnityApp (2)\CommUnityApp\CommUnityApp\CommUnityApp\CommUnityApp.csproj]
C:\Program Files\dotnet\sdk\9.0.301\Microsoft.Common.CurrentVersion.targets(5094,5): warning MSB3026: Could not copy "d:\work\CommUnityApp (2)\CommUnityApp\CommUnityApp\Application\bin\Debug\net8.0\CommUnityApp.ApplicationCore.dll" to "bin\Debug\net8.0\CommUnityApp.ApplicationCore.dll". Beginning retry 5 in 1000ms. The process cannot access the file 'd:\work\CommUnityApp (2)\CommUnityApp\CommUnityApp\CommUnityApp\bin\Debug\net8.0\CommUnityApp.ApplicationCore.dll' because it is being used by another process. The file is locked by: "CommUnityApp (42408)" [d:\work\CommUnityApp (2)\CommUnityApp\CommUnityApp\CommUnityApp\CommUnityApp.csproj]
C:\Program Files\dotnet\sdk\9.0.301\Microsoft.Common.CurrentVersion.targets(5094,5): warning MSB3026: Could not copy "d:\work\CommUnityApp (2)\CommUnityApp\CommUnityApp\Domain\bin\Debug\net8.0\CommUnityApp.Domain.dll" to "bin\Debug\net8.0\CommUnityApp.Domain.dll". Beginning retry 5 in 1000ms. The process cannot access the file 'd:\work\CommUnityApp (2)\CommUnityApp\CommUnityApp\CommUnityApp\bin\Debug\net8.0\CommUnityApp.Domain.dll' because it is being used by another process. The file is locked by: "CommUnityApp (42408)" [d:\work\CommUnityApp (2)\CommUnityApp\CommUnityApp\CommUnityApp\CommUnityApp.csproj]
C:\Program Files\dotnet\sdk\9.0.301\Microsoft.Common.CurrentVersion.targets(5094,5): warning MSB3026: Could not copy "d:\work\CommUnityApp (2)\CommUnityApp\CommUnityApp\Infrastructure\bin\Debug\net8.0\CommUnityApp.InfrastructureLayer.dll" to "bin\Debug\net8.0\CommUnityApp.InfrastructureLayer.dll". Beginning retry 5 in 1000ms. The process cannot access the file 'd:\work\CommUnityApp (2)\CommUnityApp\CommUnityApp\CommUnityApp\bin\Debug\net8.0\CommUnityApp.InfrastructureLayer.dll' because it is being used by another process. The file is locked by: "Microsoft Visual Studio 2022 (29412), CommUnityApp (42408)" [d:\work\CommUnityApp (2)\CommUnityApp\CommUnityApp\CommUnityApp\CommUnityApp.csproj]
C:\Program Files\dotnet\sdk\9.0.301\Microsoft.Common.CurrentVersion.targets(5094,5): warning MSB3026: Could not copy "d:\work\CommUnityApp (2)\CommUnityApp\CommUnityApp\Application\bin\Debug\net8.0\CommUnityApp.ApplicationCore.dll" to "bin\Debug\net8.0\CommUnityApp.ApplicationCore.dll". Beginning retry 6 in 1000ms. The process cannot access the file 'd:\work\CommUnityApp (2)\CommUnityApp\CommUnityApp\CommUnityApp\bin\Debug\net8.0\CommUnityApp.ApplicationCore.dll' because it is being used by another process. The file is locked by: "CommUnityApp (42408)" [d:\work\CommUnityApp (2)\CommUnityApp\CommUnityApp\CommUnityApp\CommUnityApp.csproj]
C:\Program Files\dotnet\sdk\9.0.301\Microsoft.Common.CurrentVersion.targets(5094,5): warning MSB3026: Could not copy "d:\work\CommUnityApp (2)\CommUnityApp\CommUnityApp\Domain\bin\Debug\net8.0\CommUnityApp.Domain.dll" to "bin\Debug\net8.0\CommUnityApp.Domain.dll". Beginning retry 6 in 1000ms. The process cannot access the file 'd:\work\CommUnityApp (2)\CommUnityApp\CommUnityApp\CommUnityApp\bin\Debug\net8.0\CommUnityApp.Domain.dll' because it is being used by another process. The file is locked by: "CommUnityApp (42408)" [d:\work\CommUnityApp (2)\CommUnityApp\CommUnityApp\CommUnityApp\CommUnityApp.csproj]
C:\Program Files\dotnet\sdk\9.0.301\Microsoft.Common.CurrentVersion.targets(5094,5): warning MSB3026: Could not copy "d:\work\CommUnityApp (2)\CommUnityApp\CommUnityApp\Infrastructure\bin\Debug\net8.0\CommUnityApp.InfrastructureLayer.dll" to "bin\Debug\net8.0\CommUnityApp.InfrastructureLayer.dll". Beginning retry 6 in 1000ms. The process cannot access the file 'd:\work\CommUnityApp (2)\CommUnityApp\CommUnityApp\CommUnityApp\bin\Debug\net8.0\CommUnityApp.InfrastructureLayer.dll' because it is being used by another process. The file is locked by: "Microsoft Visual Studio 2022 (29412), CommUnityApp (42408)" [d:\work\CommUnityApp (2)\CommUnityApp\CommUnityApp\CommUnityApp\CommUnityApp.csproj]
C:\Program Files\dotnet\sdk\9.0.301\Microsoft.Common.CurrentVersion.targets(5094,5): warning MSB3026: Could not copy "d:\work\CommUnityApp (2)\CommUnityApp\CommUnityApp\Application\bin\Debug\net8.0\CommUnityApp.ApplicationCore.dll" to "bin\Debug\net8.0\CommUnityApp.ApplicationCore.dll". Beginning retry 7 in 1000ms. The process cannot access the file 'd:\work\CommUnityApp (2)\CommUnityApp\CommUnityApp\CommUnityApp\bin\Debug\net8.0\CommUnityApp.ApplicationCore.dll' because it is being used by another process. The file is locked by: "CommUnityApp (42408)" [d:\work\CommUnityApp (2)\CommUnityApp\CommUnityApp\CommUnityApp\CommUnityApp.csproj]
C:\Program Files\dotnet\sdk\9.0.301\Microsoft.Common.CurrentVersion.targets(5094,5): warning MSB3026: Could not copy "d:\work\CommUnityApp (2)\CommUnityApp\CommUnityApp\Domain\bin\Debug\net8.0\CommUnityApp.Domain.dll" to "bin\Debug\net8.0\CommUnityApp.Domain.dll". Beginning retry 7 in 1000ms. The process cannot access the file 'd:\work\CommUnityApp (2)\CommUnityApp\CommUnityApp\CommUnityApp\bin\Debug\net8.0\CommUnityApp.Domain.dll' because it is being used by another process. The file is locked by: "CommUnityApp (42408)" [d:\work\CommUnityApp (2)\CommUnityApp\CommUnityApp\CommUnityApp\CommUnityApp.csproj]
C:\Program Files\dotnet\sdk\9.0.301\Microsoft.Common.CurrentVersion.targets(5094,5): warning MSB3026: Could not copy "d:\work\CommUnityApp (2)\CommUnityApp\CommUnityApp\Infrastructure\bin\Debug\net8.0\CommUnityApp.InfrastructureLayer.dll" to "bin\Debug\net8.0\CommUnityApp.InfrastructureLayer.dll". Beginning retry 7 in 1000ms. The process cannot access the file 'd:\work\CommUnityApp (2)\CommUnityApp\CommUnityApp\CommUnityApp\bin\Debug\net8.0\CommUnityApp.InfrastructureLayer.dll' because it is being used by another process. The file is locked by: "Microsoft Visual Studio 2022 (29412), CommUnityApp (42408)" [d:\work\CommUnityApp (2)\CommUnityApp\CommUnityApp\CommUnityApp\CommUnityApp.csproj]
C:\Program Files\dotnet\sdk\9.0.301\Microsoft.Common.CurrentVersion.targets(5094,5): warning MSB3026: Could not copy "d:\work\CommUnityApp (2)\CommUnityApp\CommUnityApp\Application\bin\Debug\net8.0\CommUnityApp.ApplicationCore.dll" to "bin\Debug\net8.0\CommUnityApp.ApplicationCore.dll". Beginning retry 8 in 1000ms. The process cannot access the file 'd:\work\CommUnityApp (2)\CommUnityApp\CommUnityApp\CommUnityApp\bin\Debug\net8.0\CommUnityApp.ApplicationCore.dll' because it is being used by another process. The file is locked by: "CommUnityApp (42408)" [d:\work\CommUnityApp (2)\CommUnityApp\CommUnityApp\CommUnityApp\CommUnityApp.csproj]
C:\Program Files\dotnet\sdk\9.0.301\Microsoft.Common.CurrentVersion.targets(5094,5): warning MSB3026: Could not copy "d:\work\CommUnityApp (2)\CommUnityApp\CommUnityApp\Domain\bin\Debug\net8.0\CommUnityApp.Domain.dll" to "bin\Debug\net8.0\CommUnityApp.Domain.dll". Beginning retry 8 in 1000ms. The process cannot access the file 'd:\work\CommUnityApp (2)\CommUnityApp\CommUnityApp\CommUnityApp\bin\Debug\net8.0\CommUnityApp.Domain.dll' because it is being used by another process. The file is locked by: "CommUnityApp (42408)" [d:\work\CommUnityApp (2)\CommUnityApp\CommUnityApp\CommUnityApp\CommUnityApp.csproj]
C:\Program Files\dotnet\sdk\9.0.301\Microsoft.Common.CurrentVersion.targets(5094,5): warning MSB3026: Could not copy "d:\work\CommUnityApp (2)\CommUnityApp\CommUnityApp\Infrastructure\bin\Debug\net8.0\CommUnityApp.InfrastructureLayer.dll" to "bin\Debug\net8.0\CommUnityApp.InfrastructureLayer.dll". Beginning retry 8 in 1000ms. The process cannot access the file 'd:\work\CommUnityApp (2)\CommUnityApp\CommUnityApp\CommUnityApp\bin\Debug\net8.0\CommUnityApp.InfrastructureLayer.dll' because it is being used by another process. The file is locked by: "Microsoft Visual Studio 2022 (29412), CommUnityApp (42408)" [d:\work\CommUnityApp (2)\CommUnityApp\CommUnityApp\CommUnityApp\CommUnityApp.csproj]
C:\Program Files\dotnet\sdk\9.0.301\Microsoft.Common.CurrentVersion.targets(5094,5): warning MSB3026: Could not copy "d:\work\CommUnityApp (2)\CommUnityApp\CommUnityApp\Domain\bin\Debug\net8.0\CommUnityApp.Domain.dll" to "bin\Debug\net8.0\CommUnityApp.Domain.dll". Beginning retry 9 in 1000ms. The process cannot access the file 'd:\work\CommUnityApp (2)\CommUnityApp\CommUnityApp\CommUnityApp\bin\Debug\net8.0\CommUnityApp.Domain.dll' because it is being used by another process. The file is locked by: "CommUnityApp (42408)" [d:\work\CommUnityApp (2)\CommUnityApp\CommUnityApp\CommUnityApp\CommUnityApp.csproj]
C:\Program Files\dotnet\sdk\9.0.301\Microsoft.Common.CurrentVersion.targets(5094,5): warning MSB3026: Could not copy "d:\work\CommUnityApp (2)\CommUnityApp\CommUnityApp\Application\bin\Debug\net8.0\CommUnityApp.ApplicationCore.dll" to "bin\Debug\net8.0\CommUnityApp.ApplicationCore.dll". Beginning retry 9 in 1000ms. The process cannot access the file 'd:\work\CommUnityApp (2)\CommUnityApp\CommUnityApp\CommUnityApp\bin\Debug\net8.0\CommUnityApp.ApplicationCore.dll' because it is being used by another process. The file is locked by: "CommUnityApp (42408)" [d:\work\CommUnityApp (2)\CommUnityApp\CommUnityApp\CommUnityApp\CommUnityApp.csproj]
C:\Program Files\dotnet\sdk\9.0.301\Microsoft.Common.CurrentVersion.targets(5094,5): warning MSB3026: Could not copy "d:\work\CommUnityApp (2)\CommUnityApp\CommUnityApp\Infrastructure\bin\Debug\net8.0\CommUnityApp.InfrastructureLayer.dll" to "bin\Debug\net8.0\CommUnityApp.InfrastructureLayer.dll". Beginning retry 9 in 1000ms. The process cannot access the file 'd:\work\CommUnityApp (2)\CommUnityApp\CommUnityApp\CommUnityApp\bin\Debug\net8.0\CommUnityApp.InfrastructureLayer.dll' because it is being used by another process. The file is locked by: "Microsoft Visual Studio 2022 (29412), CommUnityApp (42408)" [d:\work\CommUnityApp (2)\CommUnityApp\CommUnityApp\CommUnityApp\CommUnityApp.csproj]
C:\Program Files\dotnet\sdk\9.0.301\Microsoft.Common.CurrentVersion.targets(5094,5): warning MSB3026: Could not copy "d:\work\CommUnityApp (2)\CommUnityApp\CommUnityApp\Domain\bin\Debug\net8.0\CommUnityApp.Domain.dll" to "bin\Debug\net8.0\CommUnityApp.Domain.dll". Beginning retry 10 in 1000ms. The process cannot access the file 'd:\work\CommUnityApp (2)\CommUnityApp\CommUnityApp\CommUnityApp\bin\Debug\net8.0\CommUnityApp.Domain.dll' because it is being used by another process. The file is locked by: "CommUnityApp (42408)" [d:\work\CommUnityApp (2)\CommUnityApp\CommUnityApp\CommUnityApp\CommUnityApp.csproj]
C:\Program Files\dotnet\sdk\9.0.301\Microsoft.Common.CurrentVersion.targets(5094,5): warning MSB3026: Could not copy "d:\work\CommUnityApp (2)\CommUnityApp\CommUnityApp\Application\bin\Debug\net8.0\CommUnityApp.ApplicationCore.dll" to "bin\Debug\net8.0\CommUnityApp.ApplicationCore.dll". Beginning retry 10 in 1000ms. The process cannot access the file 'd:\work\CommUnityApp (2)\CommUnityApp\CommUnityApp\CommUnityApp\bin\Debug\net8.0\CommUnityApp.ApplicationCore.dll' because it is being used by another process. The file is locked by: "CommUnityApp (42408)" [d:\work\CommUnityApp (2)\CommUnityApp\CommUnityApp\CommUnityApp\CommUnityApp.csproj]
C:\Program Files\dotnet\sdk\9.0.301\Microsoft.Common.CurrentVersion.targets(5094,5): warning MSB3026: Could not copy "d:\work\CommUnityApp (2)\CommUnityApp\CommUnityApp\Infrastructure\bin\Debug\net8.0\CommUnityApp.InfrastructureLayer.dll" to "bin\Debug\net8.0\CommUnityApp.InfrastructureLayer.dll". Beginning retry 10 in 1000ms. The process cannot access the file 'd:\work\CommUnityApp (2)\CommUnityApp\CommUnityApp\CommUnityApp\bin\Debug\net8.0\CommUnityApp.InfrastructureLayer.dll' because it is being used by another process. The file is locked by: "Microsoft Visual Studio 2022 (29412), CommUnityApp (42408)" [d:\work\CommUnityApp (2)\CommUnityApp\CommUnityApp\CommUnityApp\CommUnityApp.csproj]
C:\Program Files\dotnet\sdk\9.0.301\Microsoft.Common.CurrentVersion.targets(5094,5): error MSB3027: Could not copy "d:\work\CommUnityApp (2)\CommUnityApp\CommUnityApp\Application\bin\Debug\net8.0\CommUnityApp.ApplicationCore.dll" to "bin\Debug\net8.0\CommUnityApp.ApplicationCore.dll". Exceeded retry count of 10. Failed. The file is locked by: "CommUnityApp (42408)" [d:\work\CommUnityApp (2)\CommUnityApp\CommUnityApp\CommUnityApp\CommUnityApp.csproj]
C:\Program Files\dotnet\sdk\9.0.301\Microsoft.Common.CurrentVersion.targets(5094,5): error MSB3021: Unable to copy file "d:\work\CommUnityApp (2)\CommUnityApp\CommUnityApp\Application\bin\Debug\net8.0\CommUnityApp.ApplicationCore.dll" to "bin\Debug\net8.0\CommUnityApp.ApplicationCore.dll". The process cannot access the file 'd:\work\CommUnityApp (2)\CommUnityApp\CommUnityApp\CommUnityApp\bin\Debug\net8.0\CommUnityApp.ApplicationCore.dll' because it is being used by another process. [d:\work\CommUnityApp (2)\CommUnityApp\CommUnityApp\CommUnityApp\CommUnityApp.csproj]
C:\Program Files\dotnet\sdk\9.0.301\Microsoft.Common.CurrentVersion.targets(5094,5): error MSB3027: Could not copy "d:\work\CommUnityApp (2)\CommUnityApp\CommUnityApp\Domain\bin\Debug\net8.0\CommUnityApp.Domain.dll" to "bin\Debug\net8.0\CommUnityApp.Domain.dll". Exceeded retry count of 10. Failed. The file is locked by: "CommUnityApp (42408)" [d:\work\CommUnityApp (2)\CommUnityApp\CommUnityApp\CommUnityApp\CommUnityApp.csproj]
C:\Program Files\dotnet\sdk\9.0.301\Microsoft.Common.CurrentVersion.targets(5094,5): error MSB3021: Unable to copy file "d:\work\CommUnityApp (2)\CommUnityApp\CommUnityApp\Domain\bin\Debug\net8.0\CommUnityApp.Domain.dll" to "bin\Debug\net8.0\CommUnityApp.Domain.dll". The process cannot access the file 'd:\work\CommUnityApp (2)\CommUnityApp\CommUnityApp\CommUnityApp\bin\Debug\net8.0\CommUnityApp.Domain.dll' because it is being used by another process. [d:\work\CommUnityApp (2)\CommUnityApp\CommUnityApp\CommUnityApp\CommUnityApp.csproj]
C:\Program Files\dotnet\sdk\9.0.301\Microsoft.Common.CurrentVersion.targets(5094,5): error MSB3027: Could not copy "d:\work\CommUnityApp (2)\CommUnityApp\CommUnityApp\Infrastructure\bin\Debug\net8.0\CommUnityApp.InfrastructureLayer.dll" to "bin\Debug\net8.0\CommUnityApp.InfrastructureLayer.dll". Exceeded retry count of 10. Failed. The file is locked by: "Microsoft Visual Studio 2022 (29412), CommUnityApp (42408)" [d:\work\CommUnityApp (2)\CommUnityApp\CommUnityApp\CommUnityApp\CommUnityApp.csproj]
C:\Program Files\dotnet\sdk\9.0.301\Microsoft.Common.CurrentVersion.targets(5094,5): error MSB3021: Unable to copy file "d:\work\CommUnityApp (2)\CommUnityApp\CommUnityApp\Infrastructure\bin\Debug\net8.0\CommUnityApp.InfrastructureLayer.dll" to "bin\Debug\net8.0\CommUnityApp.InfrastructureLayer.dll". The process cannot access the file 'd:\work\CommUnityApp (2)\CommUnityApp\CommUnityApp\CommUnityApp\bin\Debug\net8.0\CommUnityApp.InfrastructureLayer.dll' because it is being used by another process. [d:\work\CommUnityApp (2)\CommUnityApp\CommUnityApp\CommUnityApp\CommUnityApp.csproj]
    30 Warning(s)
    6 Error(s)

Time Elapsed 00:00:15.21

Workload updates are available. Run `dotnet workload list` for more information.
